../Core/Src/main.c:86:5:__io_putchar	16	static
../Core/Src/main.c:100:5:main	8	static
../Core/Src/main.c:180:6:SystemClock_Config	88	static
../Core/Src/main.c:226:13:MX_CRC_Init	8	static
../Core/Src/main.c:252:13:MX_DMA2D_Init	8	static
../Core/Src/main.c:289:13:MX_I2C3_Init	8	static
../Core/Src/main.c:337:13:MX_LTDC_Init	64	static
../Core/Src/main.c:399:13:MX_SPI5_Init	8	static
../Core/Src/main.c:437:13:MX_TIM1_Init	32	static
../Core/Src/main.c:483:13:MX_USART1_UART_Init	8	static
../Core/Src/main.c:512:13:MX_FMC_Init	40	static
../Core/Src/main.c:563:13:MX_GPIO_Init	64	static
../Core/Src/main.c:658:6:StartDefaultTask	16	static
../Core/Src/main.c:679:6:HAL_TIM_PeriodElapsedCallback	16	static
../Core/Src/main.c:696:6:Error_Handler	4	static,ignoring_inline_asm
