Archive member included to satisfy reference by file (symbol)

c:/st/stm32cubeide_1.12.0/stm32cubeide/plugins/com.st.stm32cube.ide.mcu.externaltools.gnu-tools-for-stm32.10.3-2021.10.win32_1.0.200.202301161003/tools/bin/../lib/gcc/arm-none-eabi/10.3.1/../../../../arm-none-eabi/lib/thumb/v7e-m+fp/hard\libc_nano.a(lib_a-errno.o)
                              ./Core/Src/syscalls.o (__errno)
c:/st/stm32cubeide_1.12.0/stm32cubeide/plugins/com.st.stm32cube.ide.mcu.externaltools.gnu-tools-for-stm32.10.3-2021.10.win32_1.0.200.202301161003/tools/bin/../lib/gcc/arm-none-eabi/10.3.1/../../../../arm-none-eabi/lib/thumb/v7e-m+fp/hard\libc_nano.a(lib_a-exit.o)
                              c:/st/stm32cubeide_1.12.0/stm32cubeide/plugins/com.st.stm32cube.ide.mcu.externaltools.gnu-tools-for-stm32.10.3-2021.10.win32_1.0.200.202301161003/tools/bin/../lib/gcc/arm-none-eabi/10.3.1/../../../../arm-none-eabi/lib/thumb/v7e-m+fp/hard/crt0.o (exit)
c:/st/stm32cubeide_1.12.0/stm32cubeide/plugins/com.st.stm32cube.ide.mcu.externaltools.gnu-tools-for-stm32.10.3-2021.10.win32_1.0.200.202301161003/tools/bin/../lib/gcc/arm-none-eabi/10.3.1/../../../../arm-none-eabi/lib/thumb/v7e-m+fp/hard\libc_nano.a(lib_a-fflush.o)
                              ./Core/Src/main.o (fflush)
c:/st/stm32cubeide_1.12.0/stm32cubeide/plugins/com.st.stm32cube.ide.mcu.externaltools.gnu-tools-for-stm32.10.3-2021.10.win32_1.0.200.202301161003/tools/bin/../lib/gcc/arm-none-eabi/10.3.1/../../../../arm-none-eabi/lib/thumb/v7e-m+fp/hard\libc_nano.a(lib_a-findfp.o)
                              c:/st/stm32cubeide_1.12.0/stm32cubeide/plugins/com.st.stm32cube.ide.mcu.externaltools.gnu-tools-for-stm32.10.3-2021.10.win32_1.0.200.202301161003/tools/bin/../lib/gcc/arm-none-eabi/10.3.1/../../../../arm-none-eabi/lib/thumb/v7e-m+fp/hard\libc_nano.a(lib_a-fflush.o) (__sinit)
c:/st/stm32cubeide_1.12.0/stm32cubeide/plugins/com.st.stm32cube.ide.mcu.externaltools.gnu-tools-for-stm32.10.3-2021.10.win32_1.0.200.202301161003/tools/bin/../lib/gcc/arm-none-eabi/10.3.1/../../../../arm-none-eabi/lib/thumb/v7e-m+fp/hard\libc_nano.a(lib_a-fwalk.o)
                              c:/st/stm32cubeide_1.12.0/stm32cubeide/plugins/com.st.stm32cube.ide.mcu.externaltools.gnu-tools-for-stm32.10.3-2021.10.win32_1.0.200.202301161003/tools/bin/../lib/gcc/arm-none-eabi/10.3.1/../../../../arm-none-eabi/lib/thumb/v7e-m+fp/hard\libc_nano.a(lib_a-findfp.o) (_fwalk)
c:/st/stm32cubeide_1.12.0/stm32cubeide/plugins/com.st.stm32cube.ide.mcu.externaltools.gnu-tools-for-stm32.10.3-2021.10.win32_1.0.200.202301161003/tools/bin/../lib/gcc/arm-none-eabi/10.3.1/../../../../arm-none-eabi/lib/thumb/v7e-m+fp/hard\libc_nano.a(lib_a-impure.o)
                              c:/st/stm32cubeide_1.12.0/stm32cubeide/plugins/com.st.stm32cube.ide.mcu.externaltools.gnu-tools-for-stm32.10.3-2021.10.win32_1.0.200.202301161003/tools/bin/../lib/gcc/arm-none-eabi/10.3.1/../../../../arm-none-eabi/lib/thumb/v7e-m+fp/hard\libc_nano.a(lib_a-exit.o) (_global_impure_ptr)
c:/st/stm32cubeide_1.12.0/stm32cubeide/plugins/com.st.stm32cube.ide.mcu.externaltools.gnu-tools-for-stm32.10.3-2021.10.win32_1.0.200.202301161003/tools/bin/../lib/gcc/arm-none-eabi/10.3.1/../../../../arm-none-eabi/lib/thumb/v7e-m+fp/hard\libc_nano.a(lib_a-init.o)
                              c:/st/stm32cubeide_1.12.0/stm32cubeide/plugins/com.st.stm32cube.ide.mcu.externaltools.gnu-tools-for-stm32.10.3-2021.10.win32_1.0.200.202301161003/tools/bin/../lib/gcc/arm-none-eabi/10.3.1/../../../../arm-none-eabi/lib/thumb/v7e-m+fp/hard/crt0.o (__libc_init_array)
c:/st/stm32cubeide_1.12.0/stm32cubeide/plugins/com.st.stm32cube.ide.mcu.externaltools.gnu-tools-for-stm32.10.3-2021.10.win32_1.0.200.202301161003/tools/bin/../lib/gcc/arm-none-eabi/10.3.1/../../../../arm-none-eabi/lib/thumb/v7e-m+fp/hard\libc_nano.a(lib_a-lock.o)
                              c:/st/stm32cubeide_1.12.0/stm32cubeide/plugins/com.st.stm32cube.ide.mcu.externaltools.gnu-tools-for-stm32.10.3-2021.10.win32_1.0.200.202301161003/tools/bin/../lib/gcc/arm-none-eabi/10.3.1/../../../../arm-none-eabi/lib/thumb/v7e-m+fp/hard\libc_nano.a(lib_a-findfp.o) (__retarget_lock_init_recursive)
c:/st/stm32cubeide_1.12.0/stm32cubeide/plugins/com.st.stm32cube.ide.mcu.externaltools.gnu-tools-for-stm32.10.3-2021.10.win32_1.0.200.202301161003/tools/bin/../lib/gcc/arm-none-eabi/10.3.1/../../../../arm-none-eabi/lib/thumb/v7e-m+fp/hard\libc_nano.a(lib_a-malloc.o)
                              ./Middlewares/ST/STM32_USB_Host_Library/Class/CDC/Src/usbh_cdc.o (malloc)
c:/st/stm32cubeide_1.12.0/stm32cubeide/plugins/com.st.stm32cube.ide.mcu.externaltools.gnu-tools-for-stm32.10.3-2021.10.win32_1.0.200.202301161003/tools/bin/../lib/gcc/arm-none-eabi/10.3.1/../../../../arm-none-eabi/lib/thumb/v7e-m+fp/hard\libc_nano.a(lib_a-memcpy-stub.o)
                              ./Middlewares/Third_Party/FreeRTOS/Source/queue.o (memcpy)
[...]
Memory Configuration

Name             Origin             Length             Attributes
CCMRAM           0x0000000010000000 0x0000000000010000 xrw
RAM              0x0000000020000000 0x0000000000030000 xrw
FLASH            0x0000000008000000 0x0000000000200000 xr
*default*        0x0000000000000000 0xffffffffffffffff

Linker script and memory map

LOAD c:/st/stm32cubeide_1.12.0/stm32cubeide/plugins/com.st.stm32cube.ide.mcu.externaltools.gnu-tools-for-stm32.10.3-2021.10.win32_1.0.200.202301161003/tools/bin/../lib/gcc/arm-none-eabi/10.3.1/thumb/v7e-m+fp/hard/crti.o
LOAD c:/st/stm32cubeide_1.12.0/stm32cubeide/plugins/com.st.stm32cube.ide.mcu.externaltools.gnu-tools-for-stm32.10.3-2021.10.win32_1.0.200.202301161003/tools/bin/../lib/gcc/arm-none-eabi/10.3.1/thumb/v7e-m+fp/hard/crtbegin.o
LOAD c:/st/stm32cubeide_1.12.0/stm32cubeide/plugins/com.st.stm32cube.ide.mcu.externaltools.gnu-tools-for-stm32.10.3-2021.10.win32_1.0.200.202301161003/tools/bin/../lib/gcc/arm-none-eabi/10.3.1/../../../../arm-none-eabi/lib/thumb/v7e-m+fp/hard/crt0.o
LOAD ./Core/Src/freertos.o
LOAD ./Core/Src/main.o
LOAD ./Core/Src/stm32f4xx_hal_msp.o
LOAD ./Core/Src/stm32f4xx_hal_timebase_tim.o
LOAD ./Core/Src/stm32f4xx_it.o
LOAD ./Core/Src/syscalls.o
LOAD ./Core/Src/sysmem.o
LOAD ./Core/Src/system_stm32f4xx.o
LOAD ./Core/Src/task.o
LOAD ./Core/Startup/startup_stm32f429zitx.o
LOAD ./Drivers/STM32F4xx_HAL_Driver/Src/stm32f4xx_hal.o
LOAD ./Drivers/STM32F4xx_HAL_Driver/Src/stm32f4xx_hal_cortex.o
LOAD ./Drivers/STM32F4xx_HAL_Driver/Src/stm32f4xx_hal_crc.o
LOAD ./Drivers/STM32F4xx_HAL_Driver/Src/stm32f4xx_hal_dma.o
LOAD ./Drivers/STM32F4xx_HAL_Driver/Src/stm32f4xx_hal_dma2d.o
LOAD ./Drivers/STM32F4xx_HAL_Driver/Src/stm32f4xx_hal_dma_ex.o
LOAD ./Drivers/STM32F4xx_HAL_Driver/Src/stm32f4xx_hal_dsi.o
LOAD ./Drivers/STM32F4xx_HAL_Driver/Src/stm32f4xx_hal_exti.o
LOAD ./Drivers/STM32F4xx_HAL_Driver/Src/stm32f4xx_hal_flash.o
LOAD ./Drivers/STM32F4xx_HAL_Driver/Src/stm32f4xx_hal_flash_ex.o
LOAD ./Drivers/STM32F4xx_HAL_Driver/Src/stm32f4xx_hal_flash_ramfunc.o
LOAD ./Drivers/STM32F4xx_HAL_Driver/Src/stm32f4xx_hal_gpio.o
LOAD ./Drivers/STM32F4xx_HAL_Driver/Src/stm32f4xx_hal_hcd.o
LOAD ./Drivers/STM32F4xx_HAL_Driver/Src/stm32f4xx_hal_i2c.o
LOAD ./Drivers/STM32F4xx_HAL_Driver/Src/stm32f4xx_hal_i2c_ex.o
LOAD ./Drivers/STM32F4xx_HAL_Driver/Src/stm32f4xx_hal_ltdc.o
LOAD ./Drivers/STM32F4xx_HAL_Driver/Src/stm32f4xx_hal_ltdc_ex.o
LOAD ./Drivers/STM32F4xx_HAL_Driver/Src/stm32f4xx_hal_pwr.o
LOAD ./Drivers/STM32F4xx_HAL_Driver/Src/stm32f4xx_hal_pwr_ex.o
LOAD ./Drivers/STM32F4xx_HAL_Driver/Src/stm32f4xx_hal_rcc.o
LOAD ./Drivers/STM32F4xx_HAL_Driver/Src/stm32f4xx_hal_rcc_ex.o
LOAD ./Drivers/STM32F4xx_HAL_Driver/Src/stm32f4xx_hal_sdram.o
LOAD ./Drivers/STM32F4xx_HAL_Driver/Src/stm32f4xx_hal_spi.o
LOAD ./Drivers/STM32F4xx_HAL_Driver/Src/stm32f4xx_hal_tim.o
LOAD ./Drivers/STM32F4xx_HAL_Driver/Src/stm32f4xx_hal_tim_ex.o
LOAD ./Drivers/STM32F4xx_HAL_Driver/Src/stm32f4xx_hal_uart.o
LOAD ./Drivers/STM32F4xx_HAL_Driver/Src/stm32f4xx_ll_fmc.o
LOAD ./Drivers/STM32F4xx_HAL_Driver/Src/stm32f4xx_ll_usb.o
LOAD ./Middlewares/ST/STM32_USB_Host_Library/Class/CDC/Src/usbh_cdc.o
LOAD ./Middlewares/ST/STM32_USB_Host_Library/Core/Src/usbh_core.o
LOAD ./Middlewares/ST/STM32_USB_Host_Library/Core/Src/usbh_ctlreq.o
LOAD ./Middlewares/ST/STM32_USB_Host_Library/Core/Src/usbh_ioreq.o
LOAD ./Middlewares/ST/STM32_USB_Host_Library/Core/Src/usbh_pipes.o
LOAD ./Middlewares/Third_Party/FreeRTOS/Source/CMSIS_RTOS/cmsis_os.o
LOAD ./Middlewares/Third_Party/FreeRTOS/Source/croutine.o
LOAD ./Middlewares/Third_Party/FreeRTOS/Source/event_groups.o
LOAD ./Middlewares/Third_Party/FreeRTOS/Source/list.o
LOAD ./Middlewares/Third_Party/FreeRTOS/Source/queue.o
LOAD ./Middlewares/Third_Party/FreeRTOS/Source/stream_buffer.o
LOAD ./Middlewares/Third_Party/FreeRTOS/Source/tasks.o
LOAD ./Middlewares/Third_Party/FreeRTOS/Source/timers.o
LOAD ./Middlewares/Third_Party/FreeRTOS/Source/portable/GCC/ARM_CM4F/port.o
LOAD ./Middlewares/Third_Party/FreeRTOS/Source/portable/MemMang/heap_4.o
LOAD ./USB_HOST/App/usb_host.o
LOAD ./USB_HOST/Target/usbh_conf.o
LOAD ./USB_HOST/Target/usbh_platform.o
START GROUP
LOAD c:/st/stm32cubeide_1.12.0/stm32cubeide/plugins/com.st.stm32cube.ide.mcu.externaltools.gnu-tools-for-stm32.10.3-2021.10.win32_1.0.200.202301161003/tools/bin/../lib/gcc/arm-none-eabi/10.3.1/../../../../arm-none-eabi/lib/thumb/v7e-m+fp/hard\libc_nano.a
LOAD c:/st/stm32cubeide_1.12.0/stm32cubeide/plugins/com.st.stm32cube.ide.mcu.externaltools.gnu-tools-for-stm32.10.3-2021.10.win32_1.0.200.202301161003/tools/bin/../lib/gcc/arm-none-eabi/10.3.1/../../../../arm-none-eabi/lib/thumb/v7e-m+fp/hard\libm.a
END GROUP
START GROUP
LOAD c:/st/stm32cubeide_1.12.0/stm32cubeide/plugins/com.st.stm32cube.ide.mcu.externaltools.gnu-tools-for-stm32.10.3-2021.10.win32_1.0.200.202301161003/tools/bin/../lib/gcc/arm-none-eabi/10.3.1/thumb/v7e-m+fp/hard\libgcc.a
LOAD c:/st/stm32cubeide_1.12.0/stm32cubeide/plugins/com.st.stm32cube.ide.mcu.externaltools.gnu-tools-for-stm32.10.3-2021.10.win32_1.0.200.202301161003/tools/bin/../lib/gcc/arm-none-eabi/10.3.1/../../../../arm-none-eabi/lib/thumb/v7e-m+fp/hard\libc_nano.a
END GROUP
START GROUP
LOAD c:/st/stm32cubeide_1.12.0/stm32cubeide/plugins/com.st.stm32cube.ide.mcu.externaltools.gnu-tools-for-stm32.10.3-2021.10.win32_1.0.200.202301161003/tools/bin/../lib/gcc/arm-none-eabi/10.3.1/thumb/v7e-m+fp/hard\libgcc.a
LOAD c:/st/stm32cubeide_1.12.0/stm32cubeide/plugins/com.st.stm32cube.ide.mcu.externaltools.gnu-tools-for-stm32.10.3-2021.10.win32_1.0.200.202301161003/tools/bin/../lib/gcc/arm-none-eabi/10.3.1/../../../../arm-none-eabi/lib/thumb/v7e-m+fp/hard\libc_nano.a
LOAD c:/st/stm32cubeide_1.12.0/stm32cubeide/plugins/com.st.stm32cube.ide.mcu.externaltools.gnu-tools-for-stm32.10.3-2021.10.win32_1.0.200.202301161003/tools/bin/../lib/gcc/arm-none-eabi/10.3.1/../../../../arm-none-eabi/lib/thumb/v7e-m+fp/hard\libnosys.a
END GROUP
START GROUP
LOAD c:/st/stm32cubeide_1.12.0/stm32cubeide/plugins/com.st.stm32cube.ide.mcu.externaltools.gnu-tools-for-stm32.10.3-2021.10.win32_1.0.200.202301161003/tools/bin/../lib/gcc/arm-none-eabi/10.3.1/thumb/v7e-m+fp/hard\libgcc.a
LOAD c:/st/stm32cubeide_1.12.0/stm32cubeide/plugins/com.st.stm32cube.ide.mcu.externaltools.gnu-tools-for-stm32.10.3-2021.10.win32_1.0.200.202301161003/tools/bin/../lib/gcc/arm-none-eabi/10.3.1/../../../../arm-none-eabi/lib/thumb/v7e-m+fp/hard\libc_nano.a
LOAD c:/st/stm32cubeide_1.12.0/stm32cubeide/plugins/com.st.stm32cube.ide.mcu.externaltools.gnu-tools-for-stm32.10.3-2021.10.win32_1.0.200.202301161003/tools/bin/../lib/gcc/arm-none-eabi/10.3.1/../../../../arm-none-eabi/lib/thumb/v7e-m+fp/hard\libnosys.a
END GROUP
LOAD c:/st/stm32cubeide_1.12.0/stm32cubeide/plugins/com.st.stm32cube.ide.mcu.externaltools.gnu-tools-for-stm32.10.3-2021.10.win32_1.0.200.202301161003/tools/bin/../lib/gcc/arm-none-eabi/10.3.1/thumb/v7e-m+fp/hard/crtend.o
LOAD c:/st/stm32cubeide_1.12.0/stm32cubeide/plugins/com.st.stm32cube.ide.mcu.externaltools.gnu-tools-for-stm32.10.3-2021.10.win32_1.0.200.202301161003/tools/bin/../lib/gcc/arm-none-eabi/10.3.1/thumb/v7e-m+fp/hard/crtn.o
                0x0000000020030000                _estack = (ORIGIN (RAM) + LENGTH (RAM))
                0x0000000000000200                _Min_Heap_Size = 0x200
                0x0000000000000400                _Min_Stack_Size = 0x400

.isr_vector     0x0000000008000000      0x1ac
                0x0000000008000000                . = ALIGN (0x4)
 *(.isr_vector)
 .isr_vector    0x0000000008000000      0x1ac ./Core/Startup/startup_stm32f429zitx.o
                0x0000000008000000                g_pfnVectors
                0x00000000080001ac                . = ALIGN (0x4)

.text           0x00000000080001b0     0xa820
                0x00000000080001b0                . = ALIGN (0x4)
 *(.text)
 .text          0x00000000080001b0       0x40 c:/st/stm32cubeide_1.12.0/stm32cubeide/plugins/com.st.stm32cube.ide.mcu.externaltools.gnu-tools-for-stm32.10.3-2021.10.win32_1.0.200.202301161003/tools/bin/../lib/gcc/arm-none-eabi/10.3.1/thumb/v7e-m+fp/hard/crtbegin.o
 .text          0x00000000080001f0       0xa0 c:/st/stm32cubeide_1.12.0/stm32cubeide/plugins/com.st.stm32cube.ide.mcu.externaltools.gnu-tools-for-stm32.10.3-2021.10.win32_1.0.200.202301161003/tools/bin/../lib/gcc/arm-none-eabi/10.3.1/../../../../arm-none-eabi/lib/thumb/v7e-m+fp/hard\libc_nano.a(lib_a-memchr.o)
                0x00000000080001f0                memchr
 .text          0x0000000008000290       0x30 c:/st/stm32cubeide_1.12.0/stm32cubeide/plugins/com.st.stm32cube.ide.mcu.externaltools.gnu-tools-for-stm32.10.3-2021.10.win32_1.0.200.202301161003/tools/bin/../lib/gcc/arm-none-eabi/10.3.1/thumb/v7e-m+fp/hard\libgcc.a(_aeabi_uldivmod.o)
                0x0000000008000290                __aeabi_uldivmod
 .text          0x00000000080002c0      0x2d0 c:/st/stm32cubeide_1.12.0/stm32cubeide/plugins/com.st.stm32cube.ide.mcu.externaltools.gnu-tools-for-stm32.10.3-2021.10.win32_1.0.200.202301161003/tools/bin/../lib/gcc/arm-none-eabi/10.3.1/thumb/v7e-m+fp/hard\libgcc.a(_udivmoddi4.o)
                0x00000000080002c0                __udivmoddi4
 .text          0x0000000008000590        0x4 c:/st/stm32cubeide_1.12.0/stm32cubeide/plugins/com.st.stm32cube.ide.mcu.externaltools.gnu-tools-for-stm32.10.3-2021.10.win32_1.0.200.202301161003/tools/bin/../lib/gcc/arm-none-eabi/10.3.1/thumb/v7e-m+fp/hard\libgcc.a(_dvmd_tls.o)
                0x0000000008000590                __aeabi_idiv0
                0x0000000008000590                __aeabi_ldiv0
 *(.text*)
 .text.vApplicationIdleHook
                0x0000000008000594        0xe ./Core/Src/freertos.o
                0x0000000008000594                vApplicationIdleHook
 .text.vApplicationStackOverflowHook
                0x00000000080005a2       0x16 ./Core/Src/freertos.o
                0x00000000080005a2                vApplicationStackOverflowHook
 .text.vApplicationMallocFailedHook
                0x00000000080005b8        0xe ./Core/Src/freertos.o
                0x00000000080005b8                vApplicationMallocFailedHook
 *fill*         0x00000000080005c6        0x2 
 .text.vApplicationGetIdleTaskMemory
                0x00000000080005c8       0x34 ./Core/Src/freertos.o
                0x00000000080005c8                vApplicationGetIdleTaskMemory
 .text.__io_putchar
                0x00000000080005fc       0x3c ./Core/Src/main.o
                0x00000000080005fc                __io_putchar
 .text.main     0x0000000008000638       0x54 ./Core/Src/main.o
                0x0000000008000638                main
 .text.SystemClock_Config
                0x000000000800068c       0xd4 ./Core/Src/main.o
                0x000000000800068c                SystemClock_Config
 .text.MX_CRC_Init
                0x0000000008000760       0x28 ./Core/Src/main.o
 .text.MX_DMA2D_Init
                0x0000000008000788       0x64 ./Core/Src/main.o
 .text.MX_I2C3_Init
                0x00000000080007ec       0x80 ./Core/Src/main.o
 .text.MX_LTDC_Init
                0x000000000800086c      0x100 ./Core/Src/main.o
 .text.MX_SPI5_Init
                0x000000000800096c       0x6c ./Core/Src/main.o
 .text.MX_TIM1_Init
                0x00000000080009d8       0xa0 ./Core/Src/main.o
 .text.MX_USART1_UART_Init
                0x0000000008000a78       0x54 ./Core/Src/main.o
 .text.MX_FMC_Init
                0x0000000008000acc       0xa0 ./Core/Src/main.o
 .text.MX_GPIO_Init
                0x0000000008000b6c      0x220 ./Core/Src/main.o
 .text.HAL_TIM_PeriodElapsedCallback
                0x0000000008000d8c       0x24 ./Core/Src/main.o
                0x0000000008000d8c                HAL_TIM_PeriodElapsedCallback
 .text.Error_Handler
                0x0000000008000db0        0xa ./Core/Src/main.o
                0x0000000008000db0                Error_Handler
 *fill*         0x0000000008000dba        0x2 
 .text.HAL_MspInit
                0x0000000008000dbc       0x58 ./Core/Src/stm32f4xx_hal_msp.o
                0x0000000008000dbc                HAL_MspInit
 .text.HAL_CRC_MspInit
                0x0000000008000e14       0x44 ./Core/Src/stm32f4xx_hal_msp.o
                0x0000000008000e14                HAL_CRC_MspInit
 .text.HAL_DMA2D_MspInit
                0x0000000008000e58       0x50 ./Core/Src/stm32f4xx_hal_msp.o
                0x0000000008000e58                HAL_DMA2D_MspInit
 .text.HAL_I2C_MspInit
                0x0000000008000ea8       0xd4 ./Core/Src/stm32f4xx_hal_msp.o
                0x0000000008000ea8                HAL_I2C_MspInit
 .text.HAL_LTDC_MspInit
                0x0000000008000f7c      0x260 ./Core/Src/stm32f4xx_hal_msp.o
                0x0000000008000f7c                HAL_LTDC_MspInit
 .text.HAL_SPI_MspInit
                0x00000000080011dc       0x90 ./Core/Src/stm32f4xx_hal_msp.o
                0x00000000080011dc                HAL_SPI_MspInit
 .text.HAL_TIM_Base_MspInit
                0x000000000800126c       0x44 ./Core/Src/stm32f4xx_hal_msp.o
                0x000000000800126c                HAL_TIM_Base_MspInit
 .text.HAL_UART_MspInit
                0x00000000080012b0       0x90 ./Core/Src/stm32f4xx_hal_msp.o
                0x00000000080012b0                HAL_UART_MspInit
 .text.HAL_FMC_MspInit
                0x0000000008001340      0x124 ./Core/Src/stm32f4xx_hal_msp.o
 .text.HAL_SDRAM_MspInit
                0x0000000008001464       0x14 ./Core/Src/stm32f4xx_hal_msp.o
                0x0000000008001464                HAL_SDRAM_MspInit
 .text.HAL_InitTick
                0x0000000008001478       0xf8 ./Core/Src/stm32f4xx_hal_timebase_tim.o
                0x0000000008001478                HAL_InitTick
 .text.NMI_Handler
                0x0000000008001570        0x6 ./Core/Src/stm32f4xx_it.o
                0x0000000008001570                NMI_Handler
 .text.HardFault_Handler
                0x0000000008001576        0x6 ./Core/Src/stm32f4xx_it.o
                0x0000000008001576                HardFault_Handler
 .text.MemManage_Handler
                0x000000000800157c        0x6 ./Core/Src/stm32f4xx_it.o
                0x000000000800157c                MemManage_Handler
 .text.BusFault_Handler
                0x0000000008001582        0x6 ./Core/Src/stm32f4xx_it.o
                0x0000000008001582                BusFault_Handler
 .text.UsageFault_Handler
                0x0000000008001588        0x6 ./Core/Src/stm32f4xx_it.o
                0x0000000008001588                UsageFault_Handler
 .text.DebugMon_Handler
                0x000000000800158e        0xe ./Core/Src/stm32f4xx_it.o
                0x000000000800158e                DebugMon_Handler
 .text.TIM6_DAC_IRQHandler
                0x000000000800159c       0x14 ./Core/Src/stm32f4xx_it.o
                0x000000000800159c                TIM6_DAC_IRQHandler
 .text.OTG_HS_IRQHandler
                0x00000000080015b0       0x14 ./Core/Src/stm32f4xx_it.o
                0x00000000080015b0                OTG_HS_IRQHandler
 .text.LTDC_IRQHandler
                0x00000000080015c4       0x14 ./Core/Src/stm32f4xx_it.o
                0x00000000080015c4                LTDC_IRQHandler
 .text.DMA2D_IRQHandler
                0x00000000080015d8       0x14 ./Core/Src/stm32f4xx_it.o
                0x00000000080015d8                DMA2D_IRQHandler
 .text._getpid  0x00000000080015ec       0x10 ./Core/Src/syscalls.o
                0x00000000080015ec                _getpid
 .text._kill    0x00000000080015fc       0x20 ./Core/Src/syscalls.o
                0x00000000080015fc                _kill
 .text._exit    0x000000000800161c       0x14 ./Core/Src/syscalls.o
                0x000000000800161c                _exit
 .text._read    0x0000000008001630       0x3a ./Core/Src/syscalls.o
                0x0000000008001630                _read
 .text._write   0x000000000800166a       0x38 ./Core/Src/syscalls.o
                0x000000000800166a                _write
 .text._close   0x00000000080016a2       0x18 ./Core/Src/syscalls.o
                0x00000000080016a2                _close
 .text._fstat   0x00000000080016ba       0x20 ./Core/Src/syscalls.o
                0x00000000080016ba                _fstat
 .text._isatty  0x00000000080016da       0x16 ./Core/Src/syscalls.o
                0x00000000080016da                _isatty
 .text._lseek   0x00000000080016f0       0x1a ./Core/Src/syscalls.o
                0x00000000080016f0                _lseek
 *fill*         0x000000000800170a        0x2 
 .text._sbrk    0x000000000800170c       0x6c ./Core/Src/sysmem.o
                0x000000000800170c                _sbrk
 .text.SystemInit
                0x0000000008001778       0x24 ./Core/Src/system_stm32f4xx.o
                0x0000000008001778                SystemInit
 .text.USER_THREADS
                0x000000000800179c       0x30 ./Core/Src/task.o
                0x000000000800179c                USER_THREADS
 .text.mainTask
                0x00000000080017cc      0x100 ./Core/Src/task.o
                0x00000000080017cc                mainTask
 .text.syncTask
                0x00000000080018cc       0x44 ./Core/Src/task.o
                0x00000000080018cc                syncTask
 .text.gen1Task
                0x0000000008001910       0xb0 ./Core/Src/task.o
                0x0000000008001910                gen1Task
 .text.gen2Task
                0x00000000080019c0       0xb0 ./Core/Src/task.o
                0x00000000080019c0                gen2Task
 .text.rxTask   0x0000000008001a70      0x154 ./Core/Src/task.o
                0x0000000008001a70                rxTask
 .text.Reset_Handler
                0x0000000008001bc4       0x50 ./Core/Startup/startup_stm32f429zitx.o
                0x0000000008001bc4                Reset_Handler
 .text.Default_Handler
                0x0000000008001c14        0x2 ./Core/Startup/startup_stm32f429zitx.o
                0x0000000008001c14                RTC_Alarm_IRQHandler
                0x0000000008001c14                HASH_RNG_IRQHandler
                0x0000000008001c14                EXTI2_IRQHandler
                0x0000000008001c14                TIM8_CC_IRQHandler
                0x0000000008001c14                UART8_IRQHandler
                0x0000000008001c14                SPI4_IRQHandler
                0x0000000008001c14                TIM1_CC_IRQHandler
                0x0000000008001c14                DMA2_Stream5_IRQHandler
                0x0000000008001c14                DMA1_Stream5_IRQHandler
                0x0000000008001c14                PVD_IRQHandler
                0x0000000008001c14                SDIO_IRQHandler
                0x0000000008001c14                TAMP_STAMP_IRQHandler
                0x0000000008001c14                CAN2_RX1_IRQHandler
                0x0000000008001c14                EXTI3_IRQHandler
                0x0000000008001c14                TIM8_TRG_COM_TIM14_IRQHandler
                0x0000000008001c14                TIM1_UP_TIM10_IRQHandler
                0x0000000008001c14                TIM8_UP_TIM13_IRQHandler
                0x0000000008001c14                I2C3_ER_IRQHandler
                0x0000000008001c14                EXTI0_IRQHandler
                0x0000000008001c14                I2C2_EV_IRQHandler
                0x0000000008001c14                DMA1_Stream2_IRQHandler
                0x0000000008001c14                CAN1_RX0_IRQHandler
                0x0000000008001c14                FPU_IRQHandler
                0x0000000008001c14                OTG_HS_WKUP_IRQHandler
                0x0000000008001c14                LTDC_ER_IRQHandler
                0x0000000008001c14                CAN2_SCE_IRQHandler
                0x0000000008001c14                DMA2_Stream2_IRQHandler
                0x0000000008001c14                SPI1_IRQHandler
                0x0000000008001c14                TIM1_BRK_TIM9_IRQHandler
                0x0000000008001c14                DCMI_IRQHandler
                0x0000000008001c14                CAN2_RX0_IRQHandler
                0x0000000008001c14                DMA2_Stream3_IRQHandler
                0x0000000008001c14                USART6_IRQHandler
                0x0000000008001c14                USART3_IRQHandler
                0x0000000008001c14                CAN1_RX1_IRQHandler
                0x0000000008001c14                UART5_IRQHandler
                0x0000000008001c14                DMA2_Stream0_IRQHandler
                0x0000000008001c14                TIM4_IRQHandler
                0x0000000008001c14                I2C1_EV_IRQHandler
                0x0000000008001c14                DMA1_Stream6_IRQHandler
                0x0000000008001c14                DMA1_Stream1_IRQHandler
                0x0000000008001c14                UART4_IRQHandler
                0x0000000008001c14                TIM3_IRQHandler
                0x0000000008001c14                RCC_IRQHandler
                0x0000000008001c14                TIM8_BRK_TIM12_IRQHandler
                0x0000000008001c14                Default_Handler
                0x0000000008001c14                EXTI15_10_IRQHandler
                0x0000000008001c14                ADC_IRQHandler
                0x0000000008001c14                DMA1_Stream7_IRQHandler
                0x0000000008001c14                SPI5_IRQHandler
                0x0000000008001c14                TIM7_IRQHandler
                0x0000000008001c14                CAN2_TX_IRQHandler
                0x0000000008001c14                TIM5_IRQHandler
                0x0000000008001c14                DMA2_Stream7_IRQHandler
                0x0000000008001c14                I2C3_EV_IRQHandler
                0x0000000008001c14                EXTI9_5_IRQHandler
                0x0000000008001c14                RTC_WKUP_IRQHandler
                0x0000000008001c14                ETH_WKUP_IRQHandler
                0x0000000008001c14                SPI2_IRQHandler
                0x0000000008001c14                OTG_HS_EP1_IN_IRQHandler
                0x0000000008001c14                DMA1_Stream0_IRQHandler
                0x0000000008001c14                CAN1_TX_IRQHandler
                0x0000000008001c14                EXTI4_IRQHandler
                0x0000000008001c14                ETH_IRQHandler
                0x0000000008001c14                OTG_HS_EP1_OUT_IRQHandler
                0x0000000008001c14                WWDG_IRQHandler
                0x0000000008001c14                SPI6_IRQHandler
                0x0000000008001c14                TIM2_IRQHandler
                0x0000000008001c14                OTG_FS_WKUP_IRQHandler
                0x0000000008001c14                TIM1_TRG_COM_TIM11_IRQHandler
                0x0000000008001c14                EXTI1_IRQHandler
                0x0000000008001c14                UART7_IRQHandler
                0x0000000008001c14                USART2_IRQHandler
                0x0000000008001c14                I2C2_ER_IRQHandler
                0x0000000008001c14                DMA2_Stream1_IRQHandler
                0x0000000008001c14                CAN1_SCE_IRQHandler
                0x0000000008001c14                FLASH_IRQHandler
                0x0000000008001c14                DMA2_Stream4_IRQHandler
                0x0000000008001c14                USART1_IRQHandler
                0x0000000008001c14                OTG_FS_IRQHandler
                0x0000000008001c14                SPI3_IRQHandler
                0x0000000008001c14                DMA1_Stream4_IRQHandler
                0x0000000008001c14                I2C1_ER_IRQHandler
                0x0000000008001c14                FMC_IRQHandler
                0x0000000008001c14                DMA2_Stream6_IRQHandler
                0x0000000008001c14                SAI1_IRQHandler
                0x0000000008001c14                DMA1_Stream3_IRQHandler
 *fill*         0x0000000008001c16        0x2 
 .text.HAL_Init
                0x0000000008001c18       0x44 ./Drivers/STM32F4xx_HAL_Driver/Src/stm32f4xx_hal.o
                0x0000000008001c18                HAL_Init
 .text.HAL_IncTick
                0x0000000008001c5c       0x28 ./Drivers/STM32F4xx_HAL_Driver/Src/stm32f4xx_hal.o
                0x0000000008001c5c                HAL_IncTick
 .text.HAL_GetTick
                0x0000000008001c84       0x18 ./Drivers/STM32F4xx_HAL_Driver/Src/stm32f4xx_hal.o
                0x0000000008001c84                HAL_GetTick
 .text.__NVIC_SetPriorityGrouping
                0x0000000008001c9c       0x48 ./Drivers/STM32F4xx_HAL_Driver/Src/stm32f4xx_hal_cortex.o
 .text.__NVIC_GetPriorityGrouping
                0x0000000008001ce4       0x1c ./Drivers/STM32F4xx_HAL_Driver/Src/stm32f4xx_hal_cortex.o
 .text.__NVIC_EnableIRQ
                0x0000000008001d00       0x3c ./Drivers/STM32F4xx_HAL_Driver/Src/stm32f4xx_hal_cortex.o
 .text.__NVIC_SetPriority
                0x0000000008001d3c       0x54 ./Drivers/STM32F4xx_HAL_Driver/Src/stm32f4xx_hal_cortex.o
 .text.NVIC_EncodePriority
                0x0000000008001d90       0x66 ./Drivers/STM32F4xx_HAL_Driver/Src/stm32f4xx_hal_cortex.o
 .text.HAL_NVIC_SetPriorityGrouping
                0x0000000008001df6       0x16 ./Drivers/STM32F4xx_HAL_Driver/Src/stm32f4xx_hal_cortex.o
                0x0000000008001df6                HAL_NVIC_SetPriorityGrouping
 .text.HAL_NVIC_SetPriority
                0x0000000008001e0c       0x38 ./Drivers/STM32F4xx_HAL_Driver/Src/stm32f4xx_hal_cortex.o
                0x0000000008001e0c                HAL_NVIC_SetPriority
 .text.HAL_NVIC_EnableIRQ
                0x0000000008001e44       0x1c ./Drivers/STM32F4xx_HAL_Driver/Src/stm32f4xx_hal_cortex.o
                0x0000000008001e44                HAL_NVIC_EnableIRQ
 .text.HAL_CRC_Init
                0x0000000008001e60       0x38 ./Drivers/STM32F4xx_HAL_Driver/Src/stm32f4xx_hal_crc.o
                0x0000000008001e60                HAL_CRC_Init
 .text.HAL_DMA2D_Init
                0x0000000008001e98       0x92 ./Drivers/STM32F4xx_HAL_Driver/Src/stm32f4xx_hal_dma2d.o
                0x0000000008001e98                HAL_DMA2D_Init
 .text.HAL_DMA2D_IRQHandler
                0x0000000008001f2a      0x1f8 ./Drivers/STM32F4xx_HAL_Driver/Src/stm32f4xx_hal_dma2d.o
                0x0000000008001f2a                HAL_DMA2D_IRQHandler
 .text.HAL_DMA2D_LineEventCallback
                0x0000000008002122       0x14 ./Drivers/STM32F4xx_HAL_Driver/Src/stm32f4xx_hal_dma2d.o
                0x0000000008002122                HAL_DMA2D_LineEventCallback
 .text.HAL_DMA2D_CLUTLoadingCpltCallback
                0x0000000008002136       0x14 ./Drivers/STM32F4xx_HAL_Driver/Src/stm32f4xx_hal_dma2d.o
                0x0000000008002136                HAL_DMA2D_CLUTLoadingCpltCallback
 *fill*         0x000000000800214a        0x2 
 .text.HAL_DMA2D_ConfigLayer
                0x000000000800214c      0x124 ./Drivers/STM32F4xx_HAL_Driver/Src/stm32f4xx_hal_dma2d.o
                0x000000000800214c                HAL_DMA2D_ConfigLayer
 .text.HAL_GPIO_Init
                0x0000000008002270      0x358 ./Drivers/STM32F4xx_HAL_Driver/Src/stm32f4xx_hal_gpio.o
                0x0000000008002270                HAL_GPIO_Init
 .text.HAL_GPIO_WritePin
                0x00000000080025c8       0x32 ./Drivers/STM32F4xx_HAL_Driver/Src/stm32f4xx_hal_gpio.o
                0x00000000080025c8                HAL_GPIO_WritePin
 .text.HAL_HCD_IRQHandler
                0x00000000080025fa      0x216 ./Drivers/STM32F4xx_HAL_Driver/Src/stm32f4xx_hal_hcd.o
                0x00000000080025fa                HAL_HCD_IRQHandler
 .text.HAL_HCD_Stop
                0x0000000008002810       0x3a ./Drivers/STM32F4xx_HAL_Driver/Src/stm32f4xx_hal_hcd.o
                0x0000000008002810                HAL_HCD_Stop
 .text.HCD_HC_IN_IRQHandler
                0x000000000800284a      0x6aa ./Drivers/STM32F4xx_HAL_Driver/Src/stm32f4xx_hal_hcd.o
 .text.HCD_HC_OUT_IRQHandler
                0x0000000008002ef4      0x6d2 ./Drivers/STM32F4xx_HAL_Driver/Src/stm32f4xx_hal_hcd.o
 .text.HCD_RXQLVL_IRQHandler
                0x00000000080035c6      0x1a4 ./Drivers/STM32F4xx_HAL_Driver/Src/stm32f4xx_hal_hcd.o
 .text.HCD_Port_IRQHandler
                0x000000000800376a       0xe6 ./Drivers/STM32F4xx_HAL_Driver/Src/stm32f4xx_hal_hcd.o
 .text.HAL_I2C_Init
                0x0000000008003850      0x288 ./Drivers/STM32F4xx_HAL_Driver/Src/stm32f4xx_hal_i2c.o
                0x0000000008003850                HAL_I2C_Init
 .text.HAL_I2CEx_ConfigAnalogFilter
                0x0000000008003ad8       0x78 ./Drivers/STM32F4xx_HAL_Driver/Src/stm32f4xx_hal_i2c_ex.o
                0x0000000008003ad8                HAL_I2CEx_ConfigAnalogFilter
 .text.HAL_I2CEx_ConfigDigitalFilter
                0x0000000008003b50       0x7e ./Drivers/STM32F4xx_HAL_Driver/Src/stm32f4xx_hal_i2c_ex.o
                0x0000000008003b50                HAL_I2CEx_ConfigDigitalFilter
 *fill*         0x0000000008003bce        0x2 
 .text.HAL_LTDC_Init
                0x0000000008003bd0      0x1a0 ./Drivers/STM32F4xx_HAL_Driver/Src/stm32f4xx_hal_ltdc.o
                0x0000000008003bd0                HAL_LTDC_Init
 .text.HAL_LTDC_IRQHandler
                0x0000000008003d70      0x148 ./Drivers/STM32F4xx_HAL_Driver/Src/stm32f4xx_hal_ltdc.o
                0x0000000008003d70                HAL_LTDC_IRQHandler
 .text.HAL_LTDC_ErrorCallback
                0x0000000008003eb8       0x14 ./Drivers/STM32F4xx_HAL_Driver/Src/stm32f4xx_hal_ltdc.o
                0x0000000008003eb8                HAL_LTDC_ErrorCallback
 .text.HAL_LTDC_LineEventCallback
                0x0000000008003ecc       0x14 ./Drivers/STM32F4xx_HAL_Driver/Src/stm32f4xx_hal_ltdc.o
                0x0000000008003ecc                HAL_LTDC_LineEventCallback
 .text.HAL_LTDC_ReloadEventCallback
                0x0000000008003ee0       0x14 ./Drivers/STM32F4xx_HAL_Driver/Src/stm32f4xx_hal_ltdc.o
                0x0000000008003ee0                HAL_LTDC_ReloadEventCallback
 .text.HAL_LTDC_ConfigLayer
                0x0000000008003ef4       0x7c ./Drivers/STM32F4xx_HAL_Driver/Src/stm32f4xx_hal_ltdc.o
                0x0000000008003ef4                HAL_LTDC_ConfigLayer
 .text.LTDC_SetConfig
                0x0000000008003f70      0x32e ./Drivers/STM32F4xx_HAL_Driver/Src/stm32f4xx_hal_ltdc.o
 *fill*         0x000000000800429e        0x2 
 .text.HAL_RCC_OscConfig
                0x00000000080042a0      0x4f0 ./Drivers/STM32F4xx_HAL_Driver/Src/stm32f4xx_hal_rcc.o
                0x00000000080042a0                HAL_RCC_OscConfig
 .text.HAL_RCC_ClockConfig
                0x0000000008004790      0x1cc ./Drivers/STM32F4xx_HAL_Driver/Src/stm32f4xx_hal_rcc.o
                0x0000000008004790                HAL_RCC_ClockConfig
 .text.HAL_RCC_GetSysClockFreq
                0x000000000800495c      0x20c ./Drivers/STM32F4xx_HAL_Driver/Src/stm32f4xx_hal_rcc.o
                0x000000000800495c                HAL_RCC_GetSysClockFreq
 .text.HAL_RCC_GetHCLKFreq
                0x0000000008004b68       0x18 ./Drivers/STM32F4xx_HAL_Driver/Src/stm32f4xx_hal_rcc.o
                0x0000000008004b68                HAL_RCC_GetHCLKFreq
 .text.HAL_RCC_GetPCLK1Freq
                0x0000000008004b80       0x28 ./Drivers/STM32F4xx_HAL_Driver/Src/stm32f4xx_hal_rcc.o
                0x0000000008004b80                HAL_RCC_GetPCLK1Freq
 .text.HAL_RCC_GetPCLK2Freq
                0x0000000008004ba8       0x28 ./Drivers/STM32F4xx_HAL_Driver/Src/stm32f4xx_hal_rcc.o
                0x0000000008004ba8                HAL_RCC_GetPCLK2Freq
 .text.HAL_RCC_GetClockConfig
                0x0000000008004bd0       0x64 ./Drivers/STM32F4xx_HAL_Driver/Src/stm32f4xx_hal_rcc.o
                0x0000000008004bd0                HAL_RCC_GetClockConfig
 .text.HAL_RCCEx_PeriphCLKConfig
                0x0000000008004c34      0x380 ./Drivers/STM32F4xx_HAL_Driver/Src/stm32f4xx_hal_rcc_ex.o
                0x0000000008004c34                HAL_RCCEx_PeriphCLKConfig
 .text.HAL_SDRAM_Init
                0x0000000008004fb4       0x68 ./Drivers/STM32F4xx_HAL_Driver/Src/stm32f4xx_hal_sdram.o
                0x0000000008004fb4                HAL_SDRAM_Init
 .text.HAL_SPI_Init
                0x000000000800501c      0x112 ./Drivers/STM32F4xx_HAL_Driver/Src/stm32f4xx_hal_spi.o
                0x000000000800501c                HAL_SPI_Init
 .text.HAL_TIM_Base_Init
                0x000000000800512e       0x9e ./Drivers/STM32F4xx_HAL_Driver/Src/stm32f4xx_hal_tim.o
                0x000000000800512e                HAL_TIM_Base_Init
 .text.HAL_TIM_Base_Start_IT
                0x00000000080051cc       0xe0 ./Drivers/STM32F4xx_HAL_Driver/Src/stm32f4xx_hal_tim.o
                0x00000000080051cc                HAL_TIM_Base_Start_IT
 .text.HAL_TIM_IRQHandler
                0x00000000080052ac      0x210 ./Drivers/STM32F4xx_HAL_Driver/Src/stm32f4xx_hal_tim.o
                0x00000000080052ac                HAL_TIM_IRQHandler
 .text.HAL_TIM_ConfigClockSource
                0x00000000080054bc      0x18e ./Drivers/STM32F4xx_HAL_Driver/Src/stm32f4xx_hal_tim.o
                0x00000000080054bc                HAL_TIM_ConfigClockSource
 .text.HAL_TIM_OC_DelayElapsedCallback
                0x000000000800564a       0x14 ./Drivers/STM32F4xx_HAL_Driver/Src/stm32f4xx_hal_tim.o
                0x000000000800564a                HAL_TIM_OC_DelayElapsedCallback
 .text.HAL_TIM_IC_CaptureCallback
                0x000000000800565e       0x14 ./Drivers/STM32F4xx_HAL_Driver/Src/stm32f4xx_hal_tim.o
                0x000000000800565e                HAL_TIM_IC_CaptureCallback
 .text.HAL_TIM_PWM_PulseFinishedCallback
                0x0000000008005672       0x14 ./Drivers/STM32F4xx_HAL_Driver/Src/stm32f4xx_hal_tim.o
                0x0000000008005672                HAL_TIM_PWM_PulseFinishedCallback
 .text.HAL_TIM_TriggerCallback
                0x0000000008005686       0x14 ./Drivers/STM32F4xx_HAL_Driver/Src/stm32f4xx_hal_tim.o
                0x0000000008005686                HAL_TIM_TriggerCallback
 *fill*         0x000000000800569a        0x2 
 .text.TIM_Base_SetConfig
                0x000000000800569c      0x140 ./Drivers/STM32F4xx_HAL_Driver/Src/stm32f4xx_hal_tim.o
                0x000000000800569c                TIM_Base_SetConfig
 .text.TIM_TI1_ConfigInputStage
                0x00000000080057dc       0x5e ./Drivers/STM32F4xx_HAL_Driver/Src/stm32f4xx_hal_tim.o
 .text.TIM_TI2_ConfigInputStage
                0x000000000800583a       0x60 ./Drivers/STM32F4xx_HAL_Driver/Src/stm32f4xx_hal_tim.o
 .text.TIM_ITRx_SetConfig
                0x000000000800589a       0x36 ./Drivers/STM32F4xx_HAL_Driver/Src/stm32f4xx_hal_tim.o
 .text.TIM_ETR_SetConfig
                0x00000000080058d0       0x40 ./Drivers/STM32F4xx_HAL_Driver/Src/stm32f4xx_hal_tim.o
                0x00000000080058d0                TIM_ETR_SetConfig
 .text.HAL_TIMEx_MasterConfigSynchronization
                0x0000000008005910       0xf8 ./Drivers/STM32F4xx_HAL_Driver/Src/stm32f4xx_hal_tim_ex.o
                0x0000000008005910                HAL_TIMEx_MasterConfigSynchronization
 .text.HAL_TIMEx_CommutCallback
                0x0000000008005a08       0x14 ./Drivers/STM32F4xx_HAL_Driver/Src/stm32f4xx_hal_tim_ex.o
                0x0000000008005a08                HAL_TIMEx_CommutCallback
 .text.HAL_TIMEx_BreakCallback
                0x0000000008005a1c       0x14 ./Drivers/STM32F4xx_HAL_Driver/Src/stm32f4xx_hal_tim_ex.o
                0x0000000008005a1c                HAL_TIMEx_BreakCallback
 .text.HAL_UART_Init
                0x0000000008005a30       0x9a ./Drivers/STM32F4xx_HAL_Driver/Src/stm32f4xx_hal_uart.o
                0x0000000008005a30                HAL_UART_Init
 .text.HAL_UART_Transmit
                0x0000000008005aca      0x124 ./Drivers/STM32F4xx_HAL_Driver/Src/stm32f4xx_hal_uart.o
                0x0000000008005aca                HAL_UART_Transmit
 .text.UART_WaitOnFlagUntilTimeout
                0x0000000008005bee       0xdc ./Drivers/STM32F4xx_HAL_Driver/Src/stm32f4xx_hal_uart.o
 *fill*         0x0000000008005cca        0x2 
 .text.UART_SetConfig
                0x0000000008005ccc      0x4e8 ./Drivers/STM32F4xx_HAL_Driver/Src/stm32f4xx_hal_uart.o
 .text.FMC_SDRAM_Init
                0x00000000080061b4       0xba ./Drivers/STM32F4xx_HAL_Driver/Src/stm32f4xx_ll_fmc.o
                0x00000000080061b4                FMC_SDRAM_Init
 .text.FMC_SDRAM_Timing_Init
                0x000000000800626e       0xd2 ./Drivers/STM32F4xx_HAL_Driver/Src/stm32f4xx_ll_fmc.o
                0x000000000800626e                FMC_SDRAM_Timing_Init
 .text.USB_EnableGlobalInt
                0x0000000008006340       0x22 ./Drivers/STM32F4xx_HAL_Driver/Src/stm32f4xx_ll_usb.o
                0x0000000008006340                USB_EnableGlobalInt
 .text.USB_DisableGlobalInt
                0x0000000008006362       0x22 ./Drivers/STM32F4xx_HAL_Driver/Src/stm32f4xx_ll_usb.o
                0x0000000008006362                USB_DisableGlobalInt
 .text.USB_FlushTxFifo
                0x0000000008006384       0x68 ./Drivers/STM32F4xx_HAL_Driver/Src/stm32f4xx_ll_usb.o
                0x0000000008006384                USB_FlushTxFifo
 .text.USB_FlushRxFifo
                0x00000000080063ec       0x60 ./Drivers/STM32F4xx_HAL_Driver/Src/stm32f4xx_ll_usb.o
                0x00000000080063ec                USB_FlushRxFifo
 .text.USB_ReadPacket
                0x000000000800644c       0xb0 ./Drivers/STM32F4xx_HAL_Driver/Src/stm32f4xx_ll_usb.o
                0x000000000800644c                USB_ReadPacket
 .text.USB_ReadInterrupts
                0x00000000080064fc       0x26 ./Drivers/STM32F4xx_HAL_Driver/Src/stm32f4xx_ll_usb.o
                0x00000000080064fc                USB_ReadInterrupts
 .text.USB_GetMode
                0x0000000008006522       0x1c ./Drivers/STM32F4xx_HAL_Driver/Src/stm32f4xx_ll_usb.o
                0x0000000008006522                USB_GetMode
 .text.USB_InitFSLSPClkSel
                0x000000000800653e       0x74 ./Drivers/STM32F4xx_HAL_Driver/Src/stm32f4xx_ll_usb.o
                0x000000000800653e                USB_InitFSLSPClkSel
 .text.USB_HC_ReadInterrupt
                0x00000000080065b2       0x22 ./Drivers/STM32F4xx_HAL_Driver/Src/stm32f4xx_ll_usb.o
                0x00000000080065b2                USB_HC_ReadInterrupt
 .text.USB_HC_Halt
                0x00000000080065d4      0x1f8 ./Drivers/STM32F4xx_HAL_Driver/Src/stm32f4xx_ll_usb.o
                0x00000000080065d4                USB_HC_Halt
 .text.USB_StopHost
                0x00000000080067cc      0x124 ./Drivers/STM32F4xx_HAL_Driver/Src/stm32f4xx_ll_usb.o
                0x00000000080067cc                USB_StopHost
 .text.USBH_LL_IncTimer
                0x00000000080068f0       0x24 ./Middlewares/ST/STM32_USB_Host_Library/Core/Src/usbh_core.o
                0x00000000080068f0                USBH_LL_IncTimer
 .text.USBH_HandleSof
                0x0000000008006914       0x30 ./Middlewares/ST/STM32_USB_Host_Library/Core/Src/usbh_core.o
 .text.USBH_LL_PortEnabled
                0x0000000008006944       0x34 ./Middlewares/ST/STM32_USB_Host_Library/Core/Src/usbh_core.o
                0x0000000008006944                USBH_LL_PortEnabled
 .text.USBH_LL_PortDisabled
                0x0000000008006978       0x1c ./Middlewares/ST/STM32_USB_Host_Library/Core/Src/usbh_core.o
                0x0000000008006978                USBH_LL_PortDisabled
 .text.USBH_LL_Connect
                0x0000000008006994       0x46 ./Middlewares/ST/STM32_USB_Host_Library/Core/Src/usbh_core.o
                0x0000000008006994                USBH_LL_Connect
 .text.USBH_LL_Disconnect
                0x00000000080069da       0x64 ./Middlewares/ST/STM32_USB_Host_Library/Core/Src/usbh_core.o
                0x00000000080069da                USBH_LL_Disconnect
 .text.USBH_LL_NotifyURBChange
                0x0000000008006a3e       0x2e ./Middlewares/ST/STM32_USB_Host_Library/Core/Src/usbh_core.o
                0x0000000008006a3e                USBH_LL_NotifyURBChange
 .text.USBH_FreePipe
                0x0000000008006a6c       0x3c ./Middlewares/ST/STM32_USB_Host_Library/Core/Src/usbh_pipes.o
                0x0000000008006a6c                USBH_FreePipe
 .text.inHandlerMode
                0x0000000008006aa8       0x24 ./Middlewares/Third_Party/FreeRTOS/Source/CMSIS_RTOS/cmsis_os.o
 .text.osKernelStart
                0x0000000008006acc        0xe ./Middlewares/Third_Party/FreeRTOS/Source/CMSIS_RTOS/cmsis_os.o
                0x0000000008006acc                osKernelStart
 *fill*         0x0000000008006ada        0x2 
 .text.osMessagePut
                0x0000000008006adc       0x80 ./Middlewares/Third_Party/FreeRTOS/Source/CMSIS_RTOS/cmsis_os.o
                0x0000000008006adc                osMessagePut
 .text.xEventGroupCreate
                0x0000000008006b5c       0x34 ./Middlewares/Third_Party/FreeRTOS/Source/event_groups.o
                0x0000000008006b5c                xEventGroupCreate
 .text.xEventGroupWaitBits
                0x0000000008006b90      0x19c ./Middlewares/Third_Party/FreeRTOS/Source/event_groups.o
                0x0000000008006b90                xEventGroupWaitBits
 .text.xEventGroupSetBits
                0x0000000008006d2c      0x116 ./Middlewares/Third_Party/FreeRTOS/Source/event_groups.o
                0x0000000008006d2c                xEventGroupSetBits
 .text.prvTestWaitCondition
                0x0000000008006e42       0x44 ./Middlewares/Third_Party/FreeRTOS/Source/event_groups.o
 .text.vListInitialise
                0x0000000008006e86       0x40 ./Middlewares/Third_Party/FreeRTOS/Source/list.o
                0x0000000008006e86                vListInitialise
 .text.vListInitialiseItem
                0x0000000008006ec6       0x1a ./Middlewares/Third_Party/FreeRTOS/Source/list.o
                0x0000000008006ec6                vListInitialiseItem
 .text.vListInsertEnd
                0x0000000008006ee0       0x48 ./Middlewares/Third_Party/FreeRTOS/Source/list.o
                0x0000000008006ee0                vListInsertEnd
 .text.vListInsert
                0x0000000008006f28       0x72 ./Middlewares/Third_Party/FreeRTOS/Source/list.o
                0x0000000008006f28                vListInsert
 .text.uxListRemove
                0x0000000008006f9a       0x54 ./Middlewares/Third_Party/FreeRTOS/Source/list.o
                0x0000000008006f9a                uxListRemove
 *fill*         0x0000000008006fee        0x2 
 .text.xQueueGenericReset
                0x0000000008006ff0       0xd0 ./Middlewares/Third_Party/FreeRTOS/Source/queue.o
                0x0000000008006ff0                xQueueGenericReset
 .text.xQueueGenericCreate
                0x00000000080070c0       0x74 ./Middlewares/Third_Party/FreeRTOS/Source/queue.o
                0x00000000080070c0                xQueueGenericCreate
 .text.prvInitialiseNewQueue
                0x0000000008007134       0x3e ./Middlewares/Third_Party/FreeRTOS/Source/queue.o
 *fill*         0x0000000008007172        0x2 
 .text.xQueueGenericSend
                0x0000000008007174      0x1fc ./Middlewares/Third_Party/FreeRTOS/Source/queue.o
                0x0000000008007174                xQueueGenericSend
 .text.xQueueGenericSendFromISR
                0x0000000008007370      0x136 ./Middlewares/Third_Party/FreeRTOS/Source/queue.o
                0x0000000008007370                xQueueGenericSendFromISR
 *fill*         0x00000000080074a6        0x2 
 .text.xQueueReceive
                0x00000000080074a8      0x1c0 ./Middlewares/Third_Party/FreeRTOS/Source/queue.o
                0x00000000080074a8                xQueueReceive
 .text.uxQueueMessagesWaiting
                0x0000000008007668       0x3c ./Middlewares/Third_Party/FreeRTOS/Source/queue.o
                0x0000000008007668                uxQueueMessagesWaiting
 .text.prvCopyDataToQueue
                0x00000000080076a4       0xd4 ./Middlewares/Third_Party/FreeRTOS/Source/queue.o
 .text.prvCopyDataFromQueue
                0x0000000008007778       0x4c ./Middlewares/Third_Party/FreeRTOS/Source/queue.o
 .text.prvUnlockQueue
                0x00000000080077c4       0xa4 ./Middlewares/Third_Party/FreeRTOS/Source/queue.o
 .text.prvIsQueueEmpty
                0x0000000008007868       0x2c ./Middlewares/Third_Party/FreeRTOS/Source/queue.o
 .text.prvIsQueueFull
                0x0000000008007894       0x30 ./Middlewares/Third_Party/FreeRTOS/Source/queue.o
 .text.xTaskCreateStatic
                0x00000000080078c4       0xba ./Middlewares/Third_Party/FreeRTOS/Source/tasks.o
                0x00000000080078c4                xTaskCreateStatic
 .text.xTaskCreate
                0x000000000800797e       0x8a ./Middlewares/Third_Party/FreeRTOS/Source/tasks.o
                0x000000000800797e                xTaskCreate
 .text.prvInitialiseNewTask
                0x0000000008007a08      0x124 ./Middlewares/Third_Party/FreeRTOS/Source/tasks.o
 .text.prvAddNewTaskToReadyList
                0x0000000008007b2c       0xd4 ./Middlewares/Third_Party/FreeRTOS/Source/tasks.o
 .text.vTaskDelete
                0x0000000008007c00      0x120 ./Middlewares/Third_Party/FreeRTOS/Source/tasks.o
                0x0000000008007c00                vTaskDelete
 .text.vTaskDelay
                0x0000000008007d20       0x68 ./Middlewares/Third_Party/FreeRTOS/Source/tasks.o
                0x0000000008007d20                vTaskDelay
 .text.vTaskStartScheduler
                0x0000000008007d88       0xc0 ./Middlewares/Third_Party/FreeRTOS/Source/tasks.o
                0x0000000008007d88                vTaskStartScheduler
 .text.vTaskSuspendAll
                0x0000000008007e48       0x1c ./Middlewares/Third_Party/FreeRTOS/Source/tasks.o
                0x0000000008007e48                vTaskSuspendAll
 .text.xTaskResumeAll
                0x0000000008007e64      0x138 ./Middlewares/Third_Party/FreeRTOS/Source/tasks.o
                0x0000000008007e64                xTaskResumeAll
 .text.xTaskGetTickCount
                0x0000000008007f9c       0x20 ./Middlewares/Third_Party/FreeRTOS/Source/tasks.o
                0x0000000008007f9c                xTaskGetTickCount
 .text.xTaskIncrementTick
                0x0000000008007fbc      0x170 ./Middlewares/Third_Party/FreeRTOS/Source/tasks.o
                0x0000000008007fbc                xTaskIncrementTick
 .text.vTaskSwitchContext
                0x000000000800812c      0x100 ./Middlewares/Third_Party/FreeRTOS/Source/tasks.o
                0x000000000800812c                vTaskSwitchContext
 .text.vTaskPlaceOnEventList
                0x000000000800822c       0x48 ./Middlewares/Third_Party/FreeRTOS/Source/tasks.o
                0x000000000800822c                vTaskPlaceOnEventList
 .text.vTaskPlaceOnUnorderedEventList
                0x0000000008008274       0x78 ./Middlewares/Third_Party/FreeRTOS/Source/tasks.o
                0x0000000008008274                vTaskPlaceOnUnorderedEventList
 .text.xTaskRemoveFromEventList
                0x00000000080082ec       0xc4 ./Middlewares/Third_Party/FreeRTOS/Source/tasks.o
                0x00000000080082ec                xTaskRemoveFromEventList
 .text.vTaskRemoveFromUnorderedEventList
                0x00000000080083b0       0xc4 ./Middlewares/Third_Party/FreeRTOS/Source/tasks.o
                0x00000000080083b0                vTaskRemoveFromUnorderedEventList
 .text.vTaskInternalSetTimeOutState
                0x0000000008008474       0x2c ./Middlewares/Third_Party/FreeRTOS/Source/tasks.o
                0x0000000008008474                vTaskInternalSetTimeOutState
 .text.xTaskCheckForTimeOut
                0x00000000080084a0       0xc4 ./Middlewares/Third_Party/FreeRTOS/Source/tasks.o
                0x00000000080084a0                xTaskCheckForTimeOut
 .text.vTaskMissedYield
                0x0000000008008564       0x18 ./Middlewares/Third_Party/FreeRTOS/Source/tasks.o
                0x0000000008008564                vTaskMissedYield
 .text.prvIdleTask
                0x000000000800857c       0x34 ./Middlewares/Third_Party/FreeRTOS/Source/tasks.o
 .text.prvInitialiseTaskLists
                0x00000000080085b0       0x80 ./Middlewares/Third_Party/FreeRTOS/Source/tasks.o
 .text.prvCheckTasksWaitingTermination
                0x0000000008008630       0x5c ./Middlewares/Third_Party/FreeRTOS/Source/tasks.o
 .text.prvDeleteTCB
                0x000000000800868c       0x5e ./Middlewares/Third_Party/FreeRTOS/Source/tasks.o
 *fill*         0x00000000080086ea        0x2 
 .text.prvResetNextTaskUnblockTime
                0x00000000080086ec       0x40 ./Middlewares/Third_Party/FreeRTOS/Source/tasks.o
 .text.xTaskGetSchedulerState
                0x000000000800872c       0x3c ./Middlewares/Third_Party/FreeRTOS/Source/tasks.o
                0x000000000800872c                xTaskGetSchedulerState
 .text.xTaskPriorityDisinherit
                0x0000000008008768      0x10c ./Middlewares/Third_Party/FreeRTOS/Source/tasks.o
                0x0000000008008768                xTaskPriorityDisinherit
 .text.uxTaskResetEventItemValue
                0x0000000008008874       0x30 ./Middlewares/Third_Party/FreeRTOS/Source/tasks.o
                0x0000000008008874                uxTaskResetEventItemValue
 .text.prvAddCurrentTaskToDelayedList
                0x00000000080088a4       0xcc ./Middlewares/Third_Party/FreeRTOS/Source/tasks.o
 .text.pxPortInitialiseStack
                0x0000000008008970       0x68 ./Middlewares/Third_Party/FreeRTOS/Source/portable/GCC/ARM_CM4F/port.o
                0x0000000008008970                pxPortInitialiseStack
 .text.prvTaskExitError
                0x00000000080089d8       0x58 ./Middlewares/Third_Party/FreeRTOS/Source/portable/GCC/ARM_CM4F/port.o
 .text.SVC_Handler
                0x0000000008008a30       0x28 ./Middlewares/Third_Party/FreeRTOS/Source/portable/GCC/ARM_CM4F/port.o
                0x0000000008008a30                SVC_Handler
 .text.prvPortStartFirstTask
                0x0000000008008a58       0x28 ./Middlewares/Third_Party/FreeRTOS/Source/portable/GCC/ARM_CM4F/port.o
 .text.xPortStartScheduler
                0x0000000008008a80      0x144 ./Middlewares/Third_Party/FreeRTOS/Source/portable/GCC/ARM_CM4F/port.o
                0x0000000008008a80                xPortStartScheduler
 .text.vPortEnterCritical
                0x0000000008008bc4       0x60 ./Middlewares/Third_Party/FreeRTOS/Source/portable/GCC/ARM_CM4F/port.o
                0x0000000008008bc4                vPortEnterCritical
 .text.vPortExitCritical
                0x0000000008008c24       0x54 ./Middlewares/Third_Party/FreeRTOS/Source/portable/GCC/ARM_CM4F/port.o
                0x0000000008008c24                vPortExitCritical
 *fill*         0x0000000008008c78        0x8 
 .text.PendSV_Handler
                0x0000000008008c80       0x68 ./Middlewares/Third_Party/FreeRTOS/Source/portable/GCC/ARM_CM4F/port.o
                0x0000000008008c80                PendSV_Handler
 .text.SysTick_Handler
                0x0000000008008ce8       0x44 ./Middlewares/Third_Party/FreeRTOS/Source/portable/GCC/ARM_CM4F/port.o
                0x0000000008008ce8                SysTick_Handler
 .text.vPortSetupTimerInterrupt
                0x0000000008008d2c       0x48 ./Middlewares/Third_Party/FreeRTOS/Source/portable/GCC/ARM_CM4F/port.o
                0x0000000008008d2c                vPortSetupTimerInterrupt
 .text.vPortEnableVFP
                0x0000000008008d74       0x14 ./Middlewares/Third_Party/FreeRTOS/Source/portable/GCC/ARM_CM4F/port.o
 .text.vPortValidateInterruptPriority
                0x0000000008008d88       0x80 ./Middlewares/Third_Party/FreeRTOS/Source/portable/GCC/ARM_CM4F/port.o
                0x0000000008008d88                vPortValidateInterruptPriority
 .text.pvPortMalloc
                0x0000000008008e08      0x1a0 ./Middlewares/Third_Party/FreeRTOS/Source/portable/MemMang/heap_4.o
                0x0000000008008e08                pvPortMalloc
 .text.vPortFree
                0x0000000008008fa8       0xc4 ./Middlewares/Third_Party/FreeRTOS/Source/portable/MemMang/heap_4.o
                0x0000000008008fa8                vPortFree
 .text.prvHeapInit
                0x000000000800906c       0xc4 ./Middlewares/Third_Party/FreeRTOS/Source/portable/MemMang/heap_4.o
 .text.prvInsertBlockIntoFreeList
                0x0000000008009130       0xb4 ./Middlewares/Third_Party/FreeRTOS/Source/portable/MemMang/heap_4.o
 .text.HAL_HCD_SOF_Callback
                0x00000000080091e4       0x1c ./USB_HOST/Target/usbh_conf.o
                0x00000000080091e4                HAL_HCD_SOF_Callback
 .text.HAL_HCD_Connect_Callback
                0x0000000008009200       0x1c ./USB_HOST/Target/usbh_conf.o
                0x0000000008009200                HAL_HCD_Connect_Callback
 .text.HAL_HCD_Disconnect_Callback
                0x000000000800921c       0x1c ./USB_HOST/Target/usbh_conf.o
                0x000000000800921c                HAL_HCD_Disconnect_Callback
 .text.HAL_HCD_HC_NotifyURBChange_Callback
                0x0000000008009238       0x24 ./USB_HOST/Target/usbh_conf.o
                0x0000000008009238                HAL_HCD_HC_NotifyURBChange_Callback
 .text.HAL_HCD_PortEnabled_Callback
                0x000000000800925c       0x1c ./USB_HOST/Target/usbh_conf.o
                0x000000000800925c                HAL_HCD_PortEnabled_Callback
 .text.HAL_HCD_PortDisabled_Callback
                0x0000000008009278       0x1c ./USB_HOST/Target/usbh_conf.o
                0x0000000008009278                HAL_HCD_PortDisabled_Callback
 .text.USBH_LL_Stop
                0x0000000008009294       0x36 ./USB_HOST/Target/usbh_conf.o
                0x0000000008009294                USBH_LL_Stop
 *fill*         0x00000000080092ca        0x2 
 .text.USBH_Get_USB_Status
                0x00000000080092cc       0x58 ./USB_HOST/Target/usbh_conf.o
                0x00000000080092cc                USBH_Get_USB_Status
 .text.__errno  0x0000000008009324        0xc c:/st/stm32cubeide_1.12.0/stm32cubeide/plugins/com.st.stm32cube.ide.mcu.externaltools.gnu-tools-for-stm32.10.3-2021.10.win32_1.0.200.202301161003/tools/bin/../lib/gcc/arm-none-eabi/10.3.1/../../../../arm-none-eabi/lib/thumb/v7e-m+fp/hard\libc_nano.a(lib_a-errno.o)
                0x0000000008009324                __errno
 .text.__sflush_r
                0x0000000008009330      0x10c c:/st/stm32cubeide_1.12.0/stm32cubeide/plugins/com.st.stm32cube.ide.mcu.externaltools.gnu-tools-for-stm32.10.3-2021.10.win32_1.0.200.202301161003/tools/bin/../lib/gcc/arm-none-eabi/10.3.1/../../../../arm-none-eabi/lib/thumb/v7e-m+fp/hard\libc_nano.a(lib_a-fflush.o)
                0x0000000008009330                __sflush_r
 .text._fflush_r
                0x000000000800943c       0x78 c:/st/stm32cubeide_1.12.0/stm32cubeide/plugins/com.st.stm32cube.ide.mcu.externaltools.gnu-tools-for-stm32.10.3-2021.10.win32_1.0.200.202301161003/tools/bin/../lib/gcc/arm-none-eabi/10.3.1/../../../../arm-none-eabi/lib/thumb/v7e-m+fp/hard\libc_nano.a(lib_a-fflush.o)
                0x000000000800943c                _fflush_r
 .text.fflush   0x00000000080094b4       0x24 c:/st/stm32cubeide_1.12.0/stm32cubeide/plugins/com.st.stm32cube.ide.mcu.externaltools.gnu-tools-for-stm32.10.3-2021.10.win32_1.0.200.202301161003/tools/bin/../lib/gcc/arm-none-eabi/10.3.1/../../../../arm-none-eabi/lib/thumb/v7e-m+fp/hard\libc_nano.a(lib_a-fflush.o)
                0x00000000080094b4                fflush
 .text.std      0x00000000080094d8       0x48 c:/st/stm32cubeide_1.12.0/stm32cubeide/plugins/com.st.stm32cube.ide.mcu.externaltools.gnu-tools-for-stm32.10.3-2021.10.win32_1.0.200.202301161003/tools/bin/../lib/gcc/arm-none-eabi/10.3.1/../../../../arm-none-eabi/lib/thumb/v7e-m+fp/hard\libc_nano.a(lib_a-findfp.o)
 .text._cleanup_r
                0x0000000008009520        0xc c:/st/stm32cubeide_1.12.0/stm32cubeide/plugins/com.st.stm32cube.ide.mcu.externaltools.gnu-tools-for-stm32.10.3-2021.10.win32_1.0.200.202301161003/tools/bin/../lib/gcc/arm-none-eabi/10.3.1/../../../../arm-none-eabi/lib/thumb/v7e-m+fp/hard\libc_nano.a(lib_a-findfp.o)
                0x0000000008009520                _cleanup_r
 .text.__sfmoreglue
                0x000000000800952c       0x2c c:/st/stm32cubeide_1.12.0/stm32cubeide/plugins/com.st.stm32cube.ide.mcu.externaltools.gnu-tools-for-stm32.10.3-2021.10.win32_1.0.200.202301161003/tools/bin/../lib/gcc/arm-none-eabi/10.3.1/../../../../arm-none-eabi/lib/thumb/v7e-m+fp/hard\libc_nano.a(lib_a-findfp.o)
                0x000000000800952c                __sfmoreglue
 .text.__sfp_lock_acquire
                0x0000000008009558        0xc c:/st/stm32cubeide_1.12.0/stm32cubeide/plugins/com.st.stm32cube.ide.mcu.externaltools.gnu-tools-for-stm32.10.3-2021.10.win32_1.0.200.202301161003/tools/bin/../lib/gcc/arm-none-eabi/10.3.1/../../../../arm-none-eabi/lib/thumb/v7e-m+fp/hard\libc_nano.a(lib_a-findfp.o)
                0x0000000008009558                __sfp_lock_acquire
 .text.__sfp_lock_release
                0x0000000008009564        0xc c:/st/stm32cubeide_1.12.0/stm32cubeide/plugins/com.st.stm32cube.ide.mcu.externaltools.gnu-tools-for-stm32.10.3-2021.10.win32_1.0.200.202301161003/tools/bin/../lib/gcc/arm-none-eabi/10.3.1/../../../../arm-none-eabi/lib/thumb/v7e-m+fp/hard\libc_nano.a(lib_a-findfp.o)
                0x0000000008009564                __sfp_lock_release
 .text.__sinit_lock_acquire
                0x0000000008009570        0xc c:/st/stm32cubeide_1.12.0/stm32cubeide/plugins/com.st.stm32cube.ide.mcu.externaltools.gnu-tools-for-stm32.10.3-2021.10.win32_1.0.200.202301161003/tools/bin/../lib/gcc/arm-none-eabi/10.3.1/../../../../arm-none-eabi/lib/thumb/v7e-m+fp/hard\libc_nano.a(lib_a-findfp.o)
                0x0000000008009570                __sinit_lock_acquire
 .text.__sinit_lock_release
                0x000000000800957c        0xc c:/st/stm32cubeide_1.12.0/stm32cubeide/plugins/com.st.stm32cube.ide.mcu.externaltools.gnu-tools-for-stm32.10.3-2021.10.win32_1.0.200.202301161003/tools/bin/../lib/gcc/arm-none-eabi/10.3.1/../../../../arm-none-eabi/lib/thumb/v7e-m+fp/hard\libc_nano.a(lib_a-findfp.o)
                0x000000000800957c                __sinit_lock_release
 .text.__sinit  0x0000000008009588       0x70 c:/st/stm32cubeide_1.12.0/stm32cubeide/plugins/com.st.stm32cube.ide.mcu.externaltools.gnu-tools-for-stm32.10.3-2021.10.win32_1.0.200.202301161003/tools/bin/../lib/gcc/arm-none-eabi/10.3.1/../../../../arm-none-eabi/lib/thumb/v7e-m+fp/hard\libc_nano.a(lib_a-findfp.o)
                0x0000000008009588                __sinit
 .text.__sfp    0x00000000080095f8       0x8c c:/st/stm32cubeide_1.12.0/stm32cubeide/plugins/com.st.stm32cube.ide.mcu.externaltools.gnu-tools-for-stm32.10.3-2021.10.win32_1.0.200.202301161003/tools/bin/../lib/gcc/arm-none-eabi/10.3.1/../../../../arm-none-eabi/lib/thumb/v7e-m+fp/hard\libc_nano.a(lib_a-findfp.o)
                0x00000000080095f8                __sfp
 .text._fwalk_reent
                0x0000000008009684       0x3e c:/st/stm32cubeide_1.12.0/stm32cubeide/plugins/com.st.stm32cube.ide.mcu.externaltools.gnu-tools-for-stm32.10.3-2021.10.win32_1.0.200.202301161003/tools/bin/../lib/gcc/arm-none-eabi/10.3.1/../../../../arm-none-eabi/lib/thumb/v7e-m+fp/hard\libc_nano.a(lib_a-fwalk.o)
                0x0000000008009684                _fwalk_reent
 *fill*         0x00000000080096c2        0x2 
 .text.__libc_init_array
                0x00000000080096c4       0x48 c:/st/stm32cubeide_1.12.0/stm32cubeide/plugins/com.st.stm32cube.ide.mcu.externaltools.gnu-tools-for-stm32.10.3-2021.10.win32_1.0.200.202301161003/tools/bin/../lib/gcc/arm-none-eabi/10.3.1/../../../../arm-none-eabi/lib/thumb/v7e-m+fp/hard\libc_nano.a(lib_a-init.o)
                0x00000000080096c4                __libc_init_array
 .text.__retarget_lock_init_recursive
                0x000000000800970c        0x2 c:/st/stm32cubeide_1.12.0/stm32cubeide/plugins/com.st.stm32cube.ide.mcu.externaltools.gnu-tools-for-stm32.10.3-2021.10.win32_1.0.200.202301161003/tools/bin/../lib/gcc/arm-none-eabi/10.3.1/../../../../arm-none-eabi/lib/thumb/v7e-m+fp/hard\libc_nano.a(lib_a-lock.o)
                0x000000000800970c                __retarget_lock_init_recursive
 .text.__retarget_lock_acquire_recursive
                0x000000000800970e        0x2 c:/st/stm32cubeide_1.12.0/stm32cubeide/plugins/com.st.stm32cube.ide.mcu.externaltools.gnu-tools-for-stm32.10.3-2021.10.win32_1.0.200.202301161003/tools/bin/../lib/gcc/arm-none-eabi/10.3.1/../../../../arm-none-eabi/lib/thumb/v7e-m+fp/hard\libc_nano.a(lib_a-lock.o)
                0x000000000800970e                __retarget_lock_acquire_recursive
 .text.__retarget_lock_release_recursive
                0x0000000008009710        0x2 c:/st/stm32cubeide_1.12.0/stm32cubeide/plugins/com.st.stm32cube.ide.mcu.externaltools.gnu-tools-for-stm32.10.3-2021.10.win32_1.0.200.202301161003/tools/bin/../lib/gcc/arm-none-eabi/10.3.1/../../../../arm-none-eabi/lib/thumb/v7e-m+fp/hard\libc_nano.a(lib_a-lock.o)
                0x0000000008009710                __retarget_lock_release_recursive
 *fill*         0x0000000008009712        0x2 
 .text.malloc   0x0000000008009714       0x10 c:/st/stm32cubeide_1.12.0/stm32cubeide/plugins/com.st.stm32cube.ide.mcu.externaltools.gnu-tools-for-stm32.10.3-2021.10.win32_1.0.200.202301161003/tools/bin/../lib/gcc/arm-none-eabi/10.3.1/../../../../arm-none-eabi/lib/thumb/v7e-m+fp/hard\libc_nano.a(lib_a-malloc.o)
                0x0000000008009714                malloc
 .text.memcpy   0x0000000008009724       0x1c c:/st/stm32cubeide_1.12.0/stm32cubeide/plugins/com.st.stm32cube.ide.mcu.externaltools.gnu-tools-for-stm32.10.3-2021.10.win32_1.0.200.202301161003/tools/bin/../lib/gcc/arm-none-eabi/10.3.1/../../../../arm-none-eabi/lib/thumb/v7e-m+fp/hard\libc_nano.a(lib_a-memcpy-stub.o)
                0x0000000008009724                memcpy
 .text.memset   0x0000000008009740       0x10 c:/st/stm32cubeide_1.12.0/stm32cubeide/plugins/com.st.stm32cube.ide.mcu.externaltools.gnu-tools-for-stm32.10.3-2021.10.win32_1.0.200.202301161003/tools/bin/../lib/gcc/arm-none-eabi/10.3.1/../../../../arm-none-eabi/lib/thumb/v7e-m+fp/hard\libc_nano.a(lib_a-memset.o)
                0x0000000008009740                memset
 .text._free_r  0x0000000008009750       0x98 c:/st/stm32cubeide_1.12.0/stm32cubeide/plugins/com.st.stm32cube.ide.mcu.externaltools.gnu-tools-for-stm32.10.3-2021.10.win32_1.0.200.202301161003/tools/bin/../lib/gcc/arm-none-eabi/10.3.1/../../../../arm-none-eabi/lib/thumb/v7e-m+fp/hard\libc_nano.a(lib_a-nano-freer.o)
                0x0000000008009750                _free_r
 .text.sbrk_aligned
                0x00000000080097e8       0x40 c:/st/stm32cubeide_1.12.0/stm32cubeide/plugins/com.st.stm32cube.ide.mcu.externaltools.gnu-tools-for-stm32.10.3-2021.10.win32_1.0.200.202301161003/tools/bin/../lib/gcc/arm-none-eabi/10.3.1/../../../../arm-none-eabi/lib/thumb/v7e-m+fp/hard\libc_nano.a(lib_a-nano-mallocr.o)
 .text._malloc_r
                0x0000000008009828       0xe8 c:/st/stm32cubeide_1.12.0/stm32cubeide/plugins/com.st.stm32cube.ide.mcu.externaltools.gnu-tools-for-stm32.10.3-2021.10.win32_1.0.200.202301161003/tools/bin/../lib/gcc/arm-none-eabi/10.3.1/../../../../arm-none-eabi/lib/thumb/v7e-m+fp/hard\libc_nano.a(lib_a-nano-mallocr.o)
                0x0000000008009828                _malloc_r
 .text.printf   0x0000000008009910       0x30 c:/st/stm32cubeide_1.12.0/stm32cubeide/plugins/com.st.stm32cube.ide.mcu.externaltools.gnu-tools-for-stm32.10.3-2021.10.win32_1.0.200.202301161003/tools/bin/../lib/gcc/arm-none-eabi/10.3.1/../../../../arm-none-eabi/lib/thumb/v7e-m+fp/hard\libc_nano.a(lib_a-printf.o)
                0x0000000008009910                iprintf
                0x0000000008009910                printf
 .text._puts_r  0x0000000008009940       0xdc c:/st/stm32cubeide_1.12.0/stm32cubeide/plugins/com.st.stm32cube.ide.mcu.externaltools.gnu-tools-for-stm32.10.3-2021.10.win32_1.0.200.202301161003/tools/bin/../lib/gcc/arm-none-eabi/10.3.1/../../../../arm-none-eabi/lib/thumb/v7e-m+fp/hard\libc_nano.a(lib_a-puts.o)
                0x0000000008009940                _puts_r
 .text.puts     0x0000000008009a1c       0x10 c:/st/stm32cubeide_1.12.0/stm32cubeide/plugins/com.st.stm32cube.ide.mcu.externaltools.gnu-tools-for-stm32.10.3-2021.10.win32_1.0.200.202301161003/tools/bin/../lib/gcc/arm-none-eabi/10.3.1/../../../../arm-none-eabi/lib/thumb/v7e-m+fp/hard\libc_nano.a(lib_a-puts.o)
                0x0000000008009a1c                puts
 .text.srand    0x0000000008009a2c       0x5c c:/st/stm32cubeide_1.12.0/stm32cubeide/plugins/com.st.stm32cube.ide.mcu.externaltools.gnu-tools-for-stm32.10.3-2021.10.win32_1.0.200.202301161003/tools/bin/../lib/gcc/arm-none-eabi/10.3.1/../../../../arm-none-eabi/lib/thumb/v7e-m+fp/hard\libc_nano.a(lib_a-rand.o)
                0x0000000008009a2c                srand
 .text.rand     0x0000000008009a88       0x7c c:/st/stm32cubeide_1.12.0/stm32cubeide/plugins/com.st.stm32cube.ide.mcu.externaltools.gnu-tools-for-stm32.10.3-2021.10.win32_1.0.200.202301161003/tools/bin/../lib/gcc/arm-none-eabi/10.3.1/../../../../arm-none-eabi/lib/thumb/v7e-m+fp/hard\libc_nano.a(lib_a-rand.o)
                0x0000000008009a88                rand
 .text._sbrk_r  0x0000000008009b04       0x20 c:/st/stm32cubeide_1.12.0/stm32cubeide/plugins/com.st.stm32cube.ide.mcu.externaltools.gnu-tools-for-stm32.10.3-2021.10.win32_1.0.200.202301161003/tools/bin/../lib/gcc/arm-none-eabi/10.3.1/../../../../arm-none-eabi/lib/thumb/v7e-m+fp/hard\libc_nano.a(lib_a-sbrkr.o)
                0x0000000008009b04                _sbrk_r
 .text.sprintf  0x0000000008009b24       0x40 c:/st/stm32cubeide_1.12.0/stm32cubeide/plugins/com.st.stm32cube.ide.mcu.externaltools.gnu-tools-for-stm32.10.3-2021.10.win32_1.0.200.202301161003/tools/bin/../lib/gcc/arm-none-eabi/10.3.1/../../../../arm-none-eabi/lib/thumb/v7e-m+fp/hard\libc_nano.a(lib_a-sprintf.o)
                0x0000000008009b24                siprintf
                0x0000000008009b24                sprintf
 .text.__sread  0x0000000008009b64       0x22 c:/st/stm32cubeide_1.12.0/stm32cubeide/plugins/com.st.stm32cube.ide.mcu.externaltools.gnu-tools-for-stm32.10.3-2021.10.win32_1.0.200.202301161003/tools/bin/../lib/gcc/arm-none-eabi/10.3.1/../../../../arm-none-eabi/lib/thumb/v7e-m+fp/hard\libc_nano.a(lib_a-stdio.o)
                0x0000000008009b64                __sread
 .text.__swrite
                0x0000000008009b86       0x38 c:/st/stm32cubeide_1.12.0/stm32cubeide/plugins/com.st.stm32cube.ide.mcu.externaltools.gnu-tools-for-stm32.10.3-2021.10.win32_1.0.200.202301161003/tools/bin/../lib/gcc/arm-none-eabi/10.3.1/../../../../arm-none-eabi/lib/thumb/v7e-m+fp/hard\libc_nano.a(lib_a-stdio.o)
                0x0000000008009b86                __swrite
 .text.__sseek  0x0000000008009bbe       0x24 c:/st/stm32cubeide_1.12.0/stm32cubeide/plugins/com.st.stm32cube.ide.mcu.externaltools.gnu-tools-for-stm32.10.3-2021.10.win32_1.0.200.202301161003/tools/bin/../lib/gcc/arm-none-eabi/10.3.1/../../../../arm-none-eabi/lib/thumb/v7e-m+fp/hard\libc_nano.a(lib_a-stdio.o)
                0x0000000008009bbe                __sseek
 .text.__sclose
                0x0000000008009be2        0x8 c:/st/stm32cubeide_1.12.0/stm32cubeide/plugins/com.st.stm32cube.ide.mcu.externaltools.gnu-tools-for-stm32.10.3-2021.10.win32_1.0.200.202301161003/tools/bin/../lib/gcc/arm-none-eabi/10.3.1/../../../../arm-none-eabi/lib/thumb/v7e-m+fp/hard\libc_nano.a(lib_a-stdio.o)
                0x0000000008009be2                __sclose
 *fill*         0x0000000008009bea        0x2 
 .text.time     0x0000000008009bec       0x34 c:/st/stm32cubeide_1.12.0/stm32cubeide/plugins/com.st.stm32cube.ide.mcu.externaltools.gnu-tools-for-stm32.10.3-2021.10.win32_1.0.200.202301161003/tools/bin/../lib/gcc/arm-none-eabi/10.3.1/../../../../arm-none-eabi/lib/thumb/v7e-m+fp/hard\libc_nano.a(lib_a-time.o)
                0x0000000008009bec                time
 .text.__swbuf_r
                0x0000000008009c20       0xa4 c:/st/stm32cubeide_1.12.0/stm32cubeide/plugins/com.st.stm32cube.ide.mcu.externaltools.gnu-tools-for-stm32.10.3-2021.10.win32_1.0.200.202301161003/tools/bin/../lib/gcc/arm-none-eabi/10.3.1/../../../../arm-none-eabi/lib/thumb/v7e-m+fp/hard\libc_nano.a(lib_a-wbuf.o)
                0x0000000008009c20                __swbuf_r
 .text._write_r
                0x0000000008009cc4       0x24 c:/st/stm32cubeide_1.12.0/stm32cubeide/plugins/com.st.stm32cube.ide.mcu.externaltools.gnu-tools-for-stm32.10.3-2021.10.win32_1.0.200.202301161003/tools/bin/../lib/gcc/arm-none-eabi/10.3.1/../../../../arm-none-eabi/lib/thumb/v7e-m+fp/hard\libc_nano.a(lib_a-writer.o)
                0x0000000008009cc4                _write_r
 .text.__swsetup_r
                0x0000000008009ce8       0xdc c:/st/stm32cubeide_1.12.0/stm32cubeide/plugins/com.st.stm32cube.ide.mcu.externaltools.gnu-tools-for-stm32.10.3-2021.10.win32_1.0.200.202301161003/tools/bin/../lib/gcc/arm-none-eabi/10.3.1/../../../../arm-none-eabi/lib/thumb/v7e-m+fp/hard\libc_nano.a(lib_a-wsetup.o)
                0x0000000008009ce8                __swsetup_r
 .text.__assert_func
                0x0000000008009dc4       0x3c c:/st/stm32cubeide_1.12.0/stm32cubeide/plugins/com.st.stm32cube.ide.mcu.externaltools.gnu-tools-for-stm32.10.3-2021.10.win32_1.0.200.202301161003/tools/bin/../lib/gcc/arm-none-eabi/10.3.1/../../../../arm-none-eabi/lib/thumb/v7e-m+fp/hard\libc_nano.a(lib_a-assert.o)
                0x0000000008009dc4                __assert_func
 .text._close_r
                0x0000000008009e00       0x20 c:/st/stm32cubeide_1.12.0/stm32cubeide/plugins/com.st.stm32cube.ide.mcu.externaltools.gnu-tools-for-stm32.10.3-2021.10.win32_1.0.200.202301161003/tools/bin/../lib/gcc/arm-none-eabi/10.3.1/../../../../arm-none-eabi/lib/thumb/v7e-m+fp/hard\libc_nano.a(lib_a-closer.o)
                0x0000000008009e00                _close_r
 .text.fprintf  0x0000000008009e20       0x24 c:/st/stm32cubeide_1.12.0/stm32cubeide/plugins/com.st.stm32cube.ide.mcu.externaltools.gnu-tools-for-stm32.10.3-2021.10.win32_1.0.200.202301161003/tools/bin/../lib/gcc/arm-none-eabi/10.3.1/../../../../arm-none-eabi/lib/thumb/v7e-m+fp/hard\libc_nano.a(lib_a-fprintf.o)
                0x0000000008009e20                fiprintf
                0x0000000008009e20                fprintf
 .text._gettimeofday_r
                0x0000000008009e44       0x24 c:/st/stm32cubeide_1.12.0/stm32cubeide/plugins/com.st.stm32cube.ide.mcu.externaltools.gnu-tools-for-stm32.10.3-2021.10.win32_1.0.200.202301161003/tools/bin/../lib/gcc/arm-none-eabi/10.3.1/../../../../arm-none-eabi/lib/thumb/v7e-m+fp/hard\libc_nano.a(lib_a-gettimeofdayr.o)
                0x0000000008009e44                _gettimeofday_r
 .text._lseek_r
                0x0000000008009e68       0x24 c:/st/stm32cubeide_1.12.0/stm32cubeide/plugins/com.st.stm32cube.ide.mcu.externaltools.gnu-tools-for-stm32.10.3-2021.10.win32_1.0.200.202301161003/tools/bin/../lib/gcc/arm-none-eabi/10.3.1/../../../../arm-none-eabi/lib/thumb/v7e-m+fp/hard\libc_nano.a(lib_a-lseekr.o)
                0x0000000008009e68                _lseek_r
 .text.__swhatbuf_r
                0x0000000008009e8c       0x4a c:/st/stm32cubeide_1.12.0/stm32cubeide/plugins/com.st.stm32cube.ide.mcu.externaltools.gnu-tools-for-stm32.10.3-2021.10.win32_1.0.200.202301161003/tools/bin/../lib/gcc/arm-none-eabi/10.3.1/../../../../arm-none-eabi/lib/thumb/v7e-m+fp/hard\libc_nano.a(lib_a-makebuf.o)
                0x0000000008009e8c                __swhatbuf_r
 *fill*         0x0000000008009ed6        0x2 
 .text.__smakebuf_r
                0x0000000008009ed8       0x80 c:/st/stm32cubeide_1.12.0/stm32cubeide/plugins/com.st.stm32cube.ide.mcu.externaltools.gnu-tools-for-stm32.10.3-2021.10.win32_1.0.200.202301161003/tools/bin/../lib/gcc/arm-none-eabi/10.3.1/../../../../arm-none-eabi/lib/thumb/v7e-m+fp/hard\libc_nano.a(lib_a-makebuf.o)
                0x0000000008009ed8                __smakebuf_r
 .text.__malloc_lock
                0x0000000008009f58        0xc c:/st/stm32cubeide_1.12.0/stm32cubeide/plugins/com.st.stm32cube.ide.mcu.externaltools.gnu-tools-for-stm32.10.3-2021.10.win32_1.0.200.202301161003/tools/bin/../lib/gcc/arm-none-eabi/10.3.1/../../../../arm-none-eabi/lib/thumb/v7e-m+fp/hard\libc_nano.a(lib_a-mlock.o)
                0x0000000008009f58                __malloc_lock
 .text.__malloc_unlock
                0x0000000008009f64        0xc c:/st/stm32cubeide_1.12.0/stm32cubeide/plugins/com.st.stm32cube.ide.mcu.externaltools.gnu-tools-for-stm32.10.3-2021.10.win32_1.0.200.202301161003/tools/bin/../lib/gcc/arm-none-eabi/10.3.1/../../../../arm-none-eabi/lib/thumb/v7e-m+fp/hard\libc_nano.a(lib_a-mlock.o)
                0x0000000008009f64                __malloc_unlock
 .text.__ssputs_r
                0x0000000008009f70       0xb6 c:/st/stm32cubeide_1.12.0/stm32cubeide/plugins/com.st.stm32cube.ide.mcu.externaltools.gnu-tools-for-stm32.10.3-2021.10.win32_1.0.200.202301161003/tools/bin/../lib/gcc/arm-none-eabi/10.3.1/../../../../arm-none-eabi/lib/thumb/v7e-m+fp/hard\libc_nano.a(lib_a-nano-svfprintf.o)
                0x0000000008009f70                __ssputs_r
 *fill*         0x000000000800a026        0x2 
 .text._svfprintf_r
                0x000000000800a028      0x200 c:/st/stm32cubeide_1.12.0/stm32cubeide/plugins/com.st.stm32cube.ide.mcu.externaltools.gnu-tools-for-stm32.10.3-2021.10.win32_1.0.200.202301161003/tools/bin/../lib/gcc/arm-none-eabi/10.3.1/../../../../arm-none-eabi/lib/thumb/v7e-m+fp/hard\libc_nano.a(lib_a-nano-svfprintf.o)
                0x000000000800a028                _svfiprintf_r
                0x000000000800a028                _svfprintf_r
 .text.__sfputc_r
                0x000000000800a228       0x2e c:/st/stm32cubeide_1.12.0/stm32cubeide/plugins/com.st.stm32cube.ide.mcu.externaltools.gnu-tools-for-stm32.10.3-2021.10.win32_1.0.200.202301161003/tools/bin/../lib/gcc/arm-none-eabi/10.3.1/../../../../arm-none-eabi/lib/thumb/v7e-m+fp/hard\libc_nano.a(lib_a-nano-vfprintf.o)
 .text.__sfputs_r
                0x000000000800a256       0x24 c:/st/stm32cubeide_1.12.0/stm32cubeide/plugins/com.st.stm32cube.ide.mcu.externaltools.gnu-tools-for-stm32.10.3-2021.10.win32_1.0.200.202301161003/tools/bin/../lib/gcc/arm-none-eabi/10.3.1/../../../../arm-none-eabi/lib/thumb/v7e-m+fp/hard\libc_nano.a(lib_a-nano-vfprintf.o)
                0x000000000800a256                __sfputs_r
 *fill*         0x000000000800a27a        0x2 
 .text._vfprintf_r
                0x000000000800a27c      0x260 c:/st/stm32cubeide_1.12.0/stm32cubeide/plugins/com.st.stm32cube.ide.mcu.externaltools.gnu-tools-for-stm32.10.3-2021.10.win32_1.0.200.202301161003/tools/bin/../lib/gcc/arm-none-eabi/10.3.1/../../../../arm-none-eabi/lib/thumb/v7e-m+fp/hard\libc_nano.a(lib_a-nano-vfprintf.o)
                0x000000000800a27c                _vfprintf_r
                0x000000000800a27c                _vfiprintf_r
 .text._printf_common
                0x000000000800a4dc       0xda c:/st/stm32cubeide_1.12.0/stm32cubeide/plugins/com.st.stm32cube.ide.mcu.externaltools.gnu-tools-for-stm32.10.3-2021.10.win32_1.0.200.202301161003/tools/bin/../lib/gcc/arm-none-eabi/10.3.1/../../../../arm-none-eabi/lib/thumb/v7e-m+fp/hard\libc_nano.a(lib_a-nano-vfprintf_i.o)
                0x000000000800a4dc                _printf_common
 *fill*         0x000000000800a5b6        0x2 
 .text._printf_i
                0x000000000800a5b8      0x24c c:/st/stm32cubeide_1.12.0/stm32cubeide/plugins/com.st.stm32cube.ide.mcu.externaltools.gnu-tools-for-stm32.10.3-2021.10.win32_1.0.200.202301161003/tools/bin/../lib/gcc/arm-none-eabi/10.3.1/../../../../arm-none-eabi/lib/thumb/v7e-m+fp/hard\libc_nano.a(lib_a-nano-vfprintf_i.o)
                0x000000000800a5b8                _printf_i
 .text._read_r  0x000000000800a804       0x24 c:/st/stm32cubeide_1.12.0/stm32cubeide/plugins/com.st.stm32cube.ide.mcu.externaltools.gnu-tools-for-stm32.10.3-2021.10.win32_1.0.200.202301161003/tools/bin/../lib/gcc/arm-none-eabi/10.3.1/../../../../arm-none-eabi/lib/thumb/v7e-m+fp/hard\libc_nano.a(lib_a-readr.o)
                0x000000000800a804                _read_r
 .text.abort    0x000000000800a828        0xe c:/st/stm32cubeide_1.12.0/stm32cubeide/plugins/com.st.stm32cube.ide.mcu.externaltools.gnu-tools-for-stm32.10.3-2021.10.win32_1.0.200.202301161003/tools/bin/../lib/gcc/arm-none-eabi/10.3.1/../../../../arm-none-eabi/lib/thumb/v7e-m+fp/hard\libc_nano.a(lib_a-abort.o)
                0x000000000800a828                abort
 *fill*         0x000000000800a836        0x2 
 .text._fstat_r
                0x000000000800a838       0x24 c:/st/stm32cubeide_1.12.0/stm32cubeide/plugins/com.st.stm32cube.ide.mcu.externaltools.gnu-tools-for-stm32.10.3-2021.10.win32_1.0.200.202301161003/tools/bin/../lib/gcc/arm-none-eabi/10.3.1/../../../../arm-none-eabi/lib/thumb/v7e-m+fp/hard\libc_nano.a(lib_a-fstatr.o)
                0x000000000800a838                _fstat_r
 .text._isatty_r
                0x000000000800a85c       0x20 c:/st/stm32cubeide_1.12.0/stm32cubeide/plugins/com.st.stm32cube.ide.mcu.externaltools.gnu-tools-for-stm32.10.3-2021.10.win32_1.0.200.202301161003/tools/bin/../lib/gcc/arm-none-eabi/10.3.1/../../../../arm-none-eabi/lib/thumb/v7e-m+fp/hard\libc_nano.a(lib_a-isattyr.o)
                0x000000000800a85c                _isatty_r
 .text.memmove  0x000000000800a87c       0x34 c:/st/stm32cubeide_1.12.0/stm32cubeide/plugins/com.st.stm32cube.ide.mcu.externaltools.gnu-tools-for-stm32.10.3-2021.10.win32_1.0.200.202301161003/tools/bin/../lib/gcc/arm-none-eabi/10.3.1/../../../../arm-none-eabi/lib/thumb/v7e-m+fp/hard\libc_nano.a(lib_a-memmove.o)
                0x000000000800a87c                memmove
 .text._realloc_r
                0x000000000800a8b0       0x5e c:/st/stm32cubeide_1.12.0/stm32cubeide/plugins/com.st.stm32cube.ide.mcu.externaltools.gnu-tools-for-stm32.10.3-2021.10.win32_1.0.200.202301161003/tools/bin/../lib/gcc/arm-none-eabi/10.3.1/../../../../arm-none-eabi/lib/thumb/v7e-m+fp/hard\libc_nano.a(lib_a-nano-reallocr.o)
                0x000000000800a8b0                _realloc_r
 .text._raise_r
                0x000000000800a90e       0x50 c:/st/stm32cubeide_1.12.0/stm32cubeide/plugins/com.st.stm32cube.ide.mcu.externaltools.gnu-tools-for-stm32.10.3-2021.10.win32_1.0.200.202301161003/tools/bin/../lib/gcc/arm-none-eabi/10.3.1/../../../../arm-none-eabi/lib/thumb/v7e-m+fp/hard\libc_nano.a(lib_a-signal.o)
                0x000000000800a90e                _raise_r
 *fill*         0x000000000800a95e        0x2 
 .text.raise    0x000000000800a960       0x10 c:/st/stm32cubeide_1.12.0/stm32cubeide/plugins/com.st.stm32cube.ide.mcu.externaltools.gnu-tools-for-stm32.10.3-2021.10.win32_1.0.200.202301161003/tools/bin/../lib/gcc/arm-none-eabi/10.3.1/../../../../arm-none-eabi/lib/thumb/v7e-m+fp/hard\libc_nano.a(lib_a-signal.o)
                0x000000000800a960                raise
 .text._kill_r  0x000000000800a970       0x24 c:/st/stm32cubeide_1.12.0/stm32cubeide/plugins/com.st.stm32cube.ide.mcu.externaltools.gnu-tools-for-stm32.10.3-2021.10.win32_1.0.200.202301161003/tools/bin/../lib/gcc/arm-none-eabi/10.3.1/../../../../arm-none-eabi/lib/thumb/v7e-m+fp/hard\libc_nano.a(lib_a-signalr.o)
                0x000000000800a970                _kill_r
 .text._getpid_r
                0x000000000800a994        0x4 c:/st/stm32cubeide_1.12.0/stm32cubeide/plugins/com.st.stm32cube.ide.mcu.externaltools.gnu-tools-for-stm32.10.3-2021.10.win32_1.0.200.202301161003/tools/bin/../lib/gcc/arm-none-eabi/10.3.1/../../../../arm-none-eabi/lib/thumb/v7e-m+fp/hard\libc_nano.a(lib_a-signalr.o)
                0x000000000800a994                _getpid_r
 .text._malloc_usable_size_r
                0x000000000800a998       0x10 c:/st/stm32cubeide_1.12.0/stm32cubeide/plugins/com.st.stm32cube.ide.mcu.externaltools.gnu-tools-for-stm32.10.3-2021.10.win32_1.0.200.202301161003/tools/bin/../lib/gcc/arm-none-eabi/10.3.1/../../../../arm-none-eabi/lib/thumb/v7e-m+fp/hard\libc_nano.a(lib_a-nano-msizer.o)
                0x000000000800a998                _malloc_usable_size_r
 .text._gettimeofday
                0x000000000800a9a8       0x10 c:/st/stm32cubeide_1.12.0/stm32cubeide/plugins/com.st.stm32cube.ide.mcu.externaltools.gnu-tools-for-stm32.10.3-2021.10.win32_1.0.200.202301161003/tools/bin/../lib/gcc/arm-none-eabi/10.3.1/../../../../arm-none-eabi/lib/thumb/v7e-m+fp/hard\libnosys.a(gettod.o)
                0x000000000800a9a8                _gettimeofday
 *(.glue_7)
 .glue_7        0x000000000800a9b8        0x0 linker stubs
 *(.glue_7t)
 .glue_7t       0x000000000800a9b8        0x0 linker stubs
 *(.eh_frame)
 .eh_frame      0x000000000800a9b8        0x0 c:/st/stm32cubeide_1.12.0/stm32cubeide/plugins/com.st.stm32cube.ide.mcu.externaltools.gnu-tools-for-stm32.10.3-2021.10.win32_1.0.200.202301161003/tools/bin/../lib/gcc/arm-none-eabi/10.3.1/thumb/v7e-m+fp/hard/crtbegin.o
 *(.init)
 .init          0x000000000800a9b8        0x4 c:/st/stm32cubeide_1.12.0/stm32cubeide/plugins/com.st.stm32cube.ide.mcu.externaltools.gnu-tools-for-stm32.10.3-2021.10.win32_1.0.200.202301161003/tools/bin/../lib/gcc/arm-none-eabi/10.3.1/thumb/v7e-m+fp/hard/crti.o
                0x000000000800a9b8                _init
 .init          0x000000000800a9bc        0x8 c:/st/stm32cubeide_1.12.0/stm32cubeide/plugins/com.st.stm32cube.ide.mcu.externaltools.gnu-tools-for-stm32.10.3-2021.10.win32_1.0.200.202301161003/tools/bin/../lib/gcc/arm-none-eabi/10.3.1/thumb/v7e-m+fp/hard/crtn.o
 *(.fini)
 .fini          0x000000000800a9c4        0x4 c:/st/stm32cubeide_1.12.0/stm32cubeide/plugins/com.st.stm32cube.ide.mcu.externaltools.gnu-tools-for-stm32.10.3-2021.10.win32_1.0.200.202301161003/tools/bin/../lib/gcc/arm-none-eabi/10.3.1/thumb/v7e-m+fp/hard/crti.o
                0x000000000800a9c4                _fini
 .fini          0x000000000800a9c8        0x8 c:/st/stm32cubeide_1.12.0/stm32cubeide/plugins/com.st.stm32cube.ide.mcu.externaltools.gnu-tools-for-stm32.10.3-2021.10.win32_1.0.200.202301161003/tools/bin/../lib/gcc/arm-none-eabi/10.3.1/thumb/v7e-m+fp/hard/crtn.o
                0x000000000800a9d0                . = ALIGN (0x4)
                0x000000000800a9d0                _etext = .

.vfp11_veneer   0x000000000800a9d0        0x0
 .vfp11_veneer  0x000000000800a9d0        0x0 linker stubs

.v4_bx          0x000000000800a9d0        0x0
 .v4_bx         0x000000000800a9d0        0x0 linker stubs

.iplt           0x000000000800a9d0        0x0
 .iplt          0x000000000800a9d0        0x0 c:/st/stm32cubeide_1.12.0/stm32cubeide/plugins/com.st.stm32cube.ide.mcu.externaltools.gnu-tools-for-stm32.10.3-2021.10.win32_1.0.200.202301161003/tools/bin/../lib/gcc/arm-none-eabi/10.3.1/thumb/v7e-m+fp/hard/crtbegin.o

.rodata         0x000000000800a9d0      0x224
                0x000000000800a9d0                . = ALIGN (0x4)
 *(.rodata)
 .rodata        0x000000000800a9d0        0xf ./Core/Src/main.o
 *fill*         0x000000000800a9df        0x1 
 .rodata        0x000000000800a9e0       0xab ./Core/Src/task.o
 *fill*         0x000000000800aa8b        0x1 
 .rodata        0x000000000800aa8c        0x5 ./Middlewares/Third_Party/FreeRTOS/Source/tasks.o
 *(.rodata*)
 *fill*         0x000000000800aa91        0x3 
 .rodata.AHBPrescTable
                0x000000000800aa94       0x10 ./Core/Src/system_stm32f4xx.o
                0x000000000800aa94                AHBPrescTable
 .rodata.APBPrescTable
                0x000000000800aaa4        0x8 ./Core/Src/system_stm32f4xx.o
                0x000000000800aaa4                APBPrescTable
 .rodata.__sf_fake_stderr
                0x000000000800aaac       0x20 c:/st/stm32cubeide_1.12.0/stm32cubeide/plugins/com.st.stm32cube.ide.mcu.externaltools.gnu-tools-for-stm32.10.3-2021.10.win32_1.0.200.202301161003/tools/bin/../lib/gcc/arm-none-eabi/10.3.1/../../../../arm-none-eabi/lib/thumb/v7e-m+fp/hard\libc_nano.a(lib_a-findfp.o)
                0x000000000800aaac                __sf_fake_stderr
 .rodata.__sf_fake_stdin
                0x000000000800aacc       0x20 c:/st/stm32cubeide_1.12.0/stm32cubeide/plugins/com.st.stm32cube.ide.mcu.externaltools.gnu-tools-for-stm32.10.3-2021.10.win32_1.0.200.202301161003/tools/bin/../lib/gcc/arm-none-eabi/10.3.1/../../../../arm-none-eabi/lib/thumb/v7e-m+fp/hard\libc_nano.a(lib_a-findfp.o)
                0x000000000800aacc                __sf_fake_stdin
 .rodata.__sf_fake_stdout
                0x000000000800aaec       0x20 c:/st/stm32cubeide_1.12.0/stm32cubeide/plugins/com.st.stm32cube.ide.mcu.externaltools.gnu-tools-for-stm32.10.3-2021.10.win32_1.0.200.202301161003/tools/bin/../lib/gcc/arm-none-eabi/10.3.1/../../../../arm-none-eabi/lib/thumb/v7e-m+fp/hard\libc_nano.a(lib_a-findfp.o)
                0x000000000800aaec                __sf_fake_stdout
 .rodata._global_impure_ptr
                0x000000000800ab0c        0x4 c:/st/stm32cubeide_1.12.0/stm32cubeide/plugins/com.st.stm32cube.ide.mcu.externaltools.gnu-tools-for-stm32.10.3-2021.10.win32_1.0.200.202301161003/tools/bin/../lib/gcc/arm-none-eabi/10.3.1/../../../../arm-none-eabi/lib/thumb/v7e-m+fp/hard\libc_nano.a(lib_a-impure.o)
                0x000000000800ab0c                _global_impure_ptr
 .rodata.srand.str1.1
                0x000000000800ab10       0x72 c:/st/stm32cubeide_1.12.0/stm32cubeide/plugins/com.st.stm32cube.ide.mcu.externaltools.gnu-tools-for-stm32.10.3-2021.10.win32_1.0.200.202301161003/tools/bin/../lib/gcc/arm-none-eabi/10.3.1/../../../../arm-none-eabi/lib/thumb/v7e-m+fp/hard\libc_nano.a(lib_a-rand.o)
 .rodata.__assert_func.str1.1
                0x000000000800ab82       0x3c c:/st/stm32cubeide_1.12.0/stm32cubeide/plugins/com.st.stm32cube.ide.mcu.externaltools.gnu-tools-for-stm32.10.3-2021.10.win32_1.0.200.202301161003/tools/bin/../lib/gcc/arm-none-eabi/10.3.1/../../../../arm-none-eabi/lib/thumb/v7e-m+fp/hard\libc_nano.a(lib_a-assert.o)
                                         0x3d (size before relaxing)
 .rodata._svfprintf_r.str1.1
                0x000000000800abbe       0x11 c:/st/stm32cubeide_1.12.0/stm32cubeide/plugins/com.st.stm32cube.ide.mcu.externaltools.gnu-tools-for-stm32.10.3-2021.10.win32_1.0.200.202301161003/tools/bin/../lib/gcc/arm-none-eabi/10.3.1/../../../../arm-none-eabi/lib/thumb/v7e-m+fp/hard\libc_nano.a(lib_a-nano-svfprintf.o)
 .rodata._vfprintf_r.str1.1
                0x000000000800abcf       0x11 c:/st/stm32cubeide_1.12.0/stm32cubeide/plugins/com.st.stm32cube.ide.mcu.externaltools.gnu-tools-for-stm32.10.3-2021.10.win32_1.0.200.202301161003/tools/bin/../lib/gcc/arm-none-eabi/10.3.1/../../../../arm-none-eabi/lib/thumb/v7e-m+fp/hard\libc_nano.a(lib_a-nano-vfprintf.o)
 .rodata._printf_i.str1.1
                0x000000000800abcf       0x22 c:/st/stm32cubeide_1.12.0/stm32cubeide/plugins/com.st.stm32cube.ide.mcu.externaltools.gnu-tools-for-stm32.10.3-2021.10.win32_1.0.200.202301161003/tools/bin/../lib/gcc/arm-none-eabi/10.3.1/../../../../arm-none-eabi/lib/thumb/v7e-m+fp/hard\libc_nano.a(lib_a-nano-vfprintf_i.o)
                0x000000000800abf4                . = ALIGN (0x4)
 *fill*         0x000000000800abf1        0x3 

.ARM.extab      0x000000000800abf4        0x0
                0x000000000800abf4                . = ALIGN (0x4)
 *(.ARM.extab* .gnu.linkonce.armextab.*)
                0x000000000800abf4                . = ALIGN (0x4)

.ARM            0x000000000800abf4        0x8
                0x000000000800abf4                . = ALIGN (0x4)
                0x000000000800abf4                __exidx_start = .
 *(.ARM.exidx*)
 .ARM.exidx     0x000000000800abf4        0x8 c:/st/stm32cubeide_1.12.0/stm32cubeide/plugins/com.st.stm32cube.ide.mcu.externaltools.gnu-tools-for-stm32.10.3-2021.10.win32_1.0.200.202301161003/tools/bin/../lib/gcc/arm-none-eabi/10.3.1/thumb/v7e-m+fp/hard\libgcc.a(_udivmoddi4.o)
                0x000000000800abfc                __exidx_end = .
                0x000000000800abfc                . = ALIGN (0x4)

.rel.dyn        0x000000000800abfc        0x0
 .rel.iplt      0x000000000800abfc        0x0 c:/st/stm32cubeide_1.12.0/stm32cubeide/plugins/com.st.stm32cube.ide.mcu.externaltools.gnu-tools-for-stm32.10.3-2021.10.win32_1.0.200.202301161003/tools/bin/../lib/gcc/arm-none-eabi/10.3.1/thumb/v7e-m+fp/hard/crtbegin.o

.preinit_array  0x000000000800abfc        0x0
                0x000000000800abfc                . = ALIGN (0x4)
                0x000000000800abfc                PROVIDE (__preinit_array_start = .)
 *(.preinit_array*)
                0x000000000800abfc                PROVIDE (__preinit_array_end = .)
                0x000000000800abfc                . = ALIGN (0x4)

.init_array     0x000000000800abfc        0x4
                0x000000000800abfc                . = ALIGN (0x4)
                0x000000000800abfc                PROVIDE (__init_array_start = .)
 *(SORT_BY_NAME(.init_array.*))
 *(.init_array*)
 .init_array    0x000000000800abfc        0x4 c:/st/stm32cubeide_1.12.0/stm32cubeide/plugins/com.st.stm32cube.ide.mcu.externaltools.gnu-tools-for-stm32.10.3-2021.10.win32_1.0.200.202301161003/tools/bin/../lib/gcc/arm-none-eabi/10.3.1/thumb/v7e-m+fp/hard/crtbegin.o
                0x000000000800ac00                PROVIDE (__init_array_end = .)
                0x000000000800ac00                . = ALIGN (0x4)

.fini_array     0x000000000800ac00        0x4
                0x000000000800ac00                . = ALIGN (0x4)
                [!provide]                        PROVIDE (__fini_array_start = .)
 *(SORT_BY_NAME(.fini_array.*))
 *(.fini_array*)
 .fini_array    0x000000000800ac00        0x4 c:/st/stm32cubeide_1.12.0/stm32cubeide/plugins/com.st.stm32cube.ide.mcu.externaltools.gnu-tools-for-stm32.10.3-2021.10.win32_1.0.200.202301161003/tools/bin/../lib/gcc/arm-none-eabi/10.3.1/thumb/v7e-m+fp/hard/crtbegin.o
                [!provide]                        PROVIDE (__fini_array_end = .)
                0x000000000800ac04                . = ALIGN (0x4)
                0x000000000800ac04                _sidata = LOADADDR (.data)

.data           0x0000000020000000       0x74 load address 0x000000000800ac04
                0x0000000020000000                . = ALIGN (0x4)
                0x0000000020000000                _sdata = .
 *(.data)
 *(.data*)
 .data.SystemCoreClock
                0x0000000020000000        0x4 ./Core/Src/system_stm32f4xx.o
                0x0000000020000000                SystemCoreClock
 .data.uwTickPrio
                0x0000000020000004        0x4 ./Drivers/STM32F4xx_HAL_Driver/Src/stm32f4xx_hal.o
                0x0000000020000004                uwTickPrio
 .data.uwTickFreq
                0x0000000020000008        0x1 ./Drivers/STM32F4xx_HAL_Driver/Src/stm32f4xx_hal.o
                0x0000000020000008                uwTickFreq
 *fill*         0x0000000020000009        0x3 
 .data.uxCriticalNesting
                0x000000002000000c        0x4 ./Middlewares/Third_Party/FreeRTOS/Source/portable/GCC/ARM_CM4F/port.o
 .data._impure_ptr
                0x0000000020000010        0x4 c:/st/stm32cubeide_1.12.0/stm32cubeide/plugins/com.st.stm32cube.ide.mcu.externaltools.gnu-tools-for-stm32.10.3-2021.10.win32_1.0.200.202301161003/tools/bin/../lib/gcc/arm-none-eabi/10.3.1/../../../../arm-none-eabi/lib/thumb/v7e-m+fp/hard\libc_nano.a(lib_a-impure.o)
                0x0000000020000010                _impure_ptr
 .data.impure_data
                0x0000000020000014       0x60 c:/st/stm32cubeide_1.12.0/stm32cubeide/plugins/com.st.stm32cube.ide.mcu.externaltools.gnu-tools-for-stm32.10.3-2021.10.win32_1.0.200.202301161003/tools/bin/../lib/gcc/arm-none-eabi/10.3.1/../../../../arm-none-eabi/lib/thumb/v7e-m+fp/hard\libc_nano.a(lib_a-impure.o)
 *(.RamFunc)
 *(.RamFunc*)
                0x0000000020000074                . = ALIGN (0x4)
                0x0000000020000074                _edata = .
                0x000000000800ac78                _siccmram = LOADADDR (.ccmram)

.igot.plt       0x0000000020000074        0x0 load address 0x000000000800ac78
 .igot.plt      0x0000000020000074        0x0 c:/st/stm32cubeide_1.12.0/stm32cubeide/plugins/com.st.stm32cube.ide.mcu.externaltools.gnu-tools-for-stm32.10.3-2021.10.win32_1.0.200.202301161003/tools/bin/../lib/gcc/arm-none-eabi/10.3.1/thumb/v7e-m+fp/hard/crtbegin.o

.ccmram         0x0000000010000000        0x0 load address 0x000000000800ac78
                0x0000000010000000                . = ALIGN (0x4)
                0x0000000010000000                _sccmram = .
 *(.ccmram)
 *(.ccmram*)
                0x0000000010000000                . = ALIGN (0x4)
                0x0000000010000000                _eccmram = .
                0x0000000010000000                . = ALIGN (0x4)

.bss            0x0000000020000074     0x89ac
                0x0000000020000074                _sbss = .
                0x0000000020000074                __bss_start__ = _sbss
 *(.bss)
 .bss           0x0000000020000074       0x1c c:/st/stm32cubeide_1.12.0/stm32cubeide/plugins/com.st.stm32cube.ide.mcu.externaltools.gnu-tools-for-stm32.10.3-2021.10.win32_1.0.200.202301161003/tools/bin/../lib/gcc/arm-none-eabi/10.3.1/thumb/v7e-m+fp/hard/crtbegin.o
 *(.bss*)
 .bss.xIdleTaskTCBBuffer
                0x0000000020000090       0x58 ./Core/Src/freertos.o
 .bss.xIdleStack
                0x00000000200000e8      0x200 ./Core/Src/freertos.o
 .bss.hcrc      0x00000000200002e8        0x8 ./Core/Src/main.o
                0x00000000200002e8                hcrc
 .bss.hdma2d    0x00000000200002f0       0x40 ./Core/Src/main.o
                0x00000000200002f0                hdma2d
 .bss.hi2c3     0x0000000020000330       0x54 ./Core/Src/main.o
                0x0000000020000330                hi2c3
 .bss.hltdc     0x0000000020000384       0xa8 ./Core/Src/main.o
                0x0000000020000384                hltdc
 .bss.hspi5     0x000000002000042c       0x58 ./Core/Src/main.o
                0x000000002000042c                hspi5
 .bss.htim1     0x0000000020000484       0x48 ./Core/Src/main.o
                0x0000000020000484                htim1
 .bss.huart1    0x00000000200004cc       0x44 ./Core/Src/main.o
                0x00000000200004cc                huart1
 .bss.hsdram1   0x0000000020000510       0x34 ./Core/Src/main.o
                0x0000000020000510                hsdram1
 .bss.FMC_Initialized
                0x0000000020000544        0x4 ./Core/Src/stm32f4xx_hal_msp.o
 .bss.htim6     0x0000000020000548       0x48 ./Core/Src/stm32f4xx_hal_timebase_tim.o
                0x0000000020000548                htim6
 .bss.__sbrk_heap_end
                0x0000000020000590        0x4 ./Core/Src/sysmem.o
 .bss.xHandleMain
                0x0000000020000594        0x4 ./Core/Src/task.o
                0x0000000020000594                xHandleMain
 .bss.xHandleSync
                0x0000000020000598        0x4 ./Core/Src/task.o
                0x0000000020000598                xHandleSync
 .bss.xHandleGen1
                0x000000002000059c        0x4 ./Core/Src/task.o